Archive member included to satisfy reference by file (symbol)

C:/devkitPro/libnx/lib\libdeko3d.a(dk_memblock.o)
                              main.o (dkMemBlockCreate)
C:/devkitPro/libnx/lib\libdeko3d.a(dk_queue.o)
                              main.o (dkQueueDestroy)
C:/devkitPro/libnx/lib\libdeko3d.a(dk_image.o)
                              main.o (dkImageLayoutInitialize)
C:/devkitPro/libnx/lib\libdeko3d.a(cmd_bind_common.o)
                              main.o (dkCmdBufBindShaders)
C:/devkitPro/libnx/lib\libdeko3d.a(dk_swapchain.o)
                              main.o (dkSwapchainCreate)
C:/devkitPro/libnx/lib\libdeko3d.a(dk_fence.o)
                              C:/devkitPro/libnx/lib\libdeko3d.a(dk_queue.o) (dk::detail::Fence::wait(int))
C:/devkitPro/libnx/lib\libdeko3d.a(codesegmgr.o)
                              C:/devkitPro/libnx/lib\libdeko3d.a(dk_memblock.o) (dk::detail::CodeSegMgr::allocSpace(unsigned int, unsigned long&))
C:/devkitPro/libnx/lib\libdeko3d.a(dk_shader.o)
                              main.o (dkShaderInitialize)
C:/devkitPro/libnx/lib\libdeko3d.a(queue_workbuf.o)
                              C:/devkitPro/libnx/lib\libdeko3d.a(dk_queue.o) (dk::detail::QueueWorkBuf::QueueWorkBuf(DkQueueMaker const&))
C:/devkitPro/libnx/lib\libdeko3d.a(dk_cmdbuf.o)
                              C:/devkitPro/libnx/lib\libdeko3d.a(dk_queue.o) (dk::detail::CmdBuf::~CmdBuf())
C:/devkitPro/libnx/lib\libdeko3d.a(gpu_error.o)
                              C:/devkitPro/libnx/lib\libdeko3d.a(dk_queue.o) (dk::detail::Queue::checkError())
C:/devkitPro/libnx/lib\libdeko3d.a(dk_device.o)
                              C:/devkitPro/libnx/lib\libdeko3d.a(dk_queue.o) (dk::detail::Device::reserveQueueId())
C:/devkitPro/libnx/lib\libdeko3d.a(image_formats.o)
                              C:/devkitPro/libnx/lib\libdeko3d.a(dk_image.o) (maxwell::pickImageMemoryKind(maxwell::FormatTraits const&, unsigned int, bool, bool))
C:/devkitPro/libnx/lib\libdeko3d.a(gpu_3d_base.o)
                              main.o (dkCmdBufBindRenderTargets)
C:/devkitPro/libnx/lib\libdeko3d.a(gpu_3d_vbo.o)
                              main.o (dkCmdBufBindVtxAttribState)
C:/devkitPro/libnx/lib\libdeko3d.a(gpu_base.o)
                              C:/devkitPro/libnx/lib\libdeko3d.a(dk_queue.o) (dk::detail::Queue::setupEngines())
C:/devkitPro/libnx/lib\libdeko3d.a(gpu_transfer.o)
                              C:/devkitPro/libnx/lib\libdeko3d.a(dk_queue.o) (dk::detail::Queue::setupTransfer())
C:/devkitPro/libnx/lib\libdeko3d.a(gpu_3d_state.o)
                              main.o (dkCmdBufBindRasterizerState)
C:/devkitPro/libnx/lib\libdeko3d.a(gpu_3d_zcull.o)
                              C:/devkitPro/libnx/lib\libdeko3d.a(gpu_3d_base.o) (dk::detail::Device::calcZcullStorageInfo(dk::detail::ZcullStorageInfo&, unsigned int, unsigned int, unsigned int, DkImageFormat, DkMsMode))
C:/devkitPro/devkitA64/bin/../lib/gcc/aarch64-none-elf/15.2.0/../../../../aarch64-none-elf/lib/pic\libm.a(libm_a-sinf.o)
                              main.o (sinf)
C:/devkitPro/devkitA64/bin/../lib/gcc/aarch64-none-elf/15.2.0/../../../../aarch64-none-elf/lib/pic\libm.a(libm_a-sincosf_data.o)
                              C:/devkitPro/devkitA64/bin/../lib/gcc/aarch64-none-elf/15.2.0/../../../../aarch64-none-elf/lib/pic\libm.a(libm_a-sinf.o) (__inv_pio4)
C:/devkitPro/devkitA64/bin/../lib/gcc/aarch64-none-elf/15.2.0/../../../../aarch64-none-elf/lib/pic\libm.a(libm_a-math_errf.o)
                              C:/devkitPro/devkitA64/bin/../lib/gcc/aarch64-none-elf/15.2.0/../../../../aarch64-none-elf/lib/pic\libm.a(libm_a-sinf.o) (__math_invalidf)
C:/devkitPro/devkitA64/bin/../lib/gcc/aarch64-none-elf/15.2.0/../../../../aarch64-none-elf/lib/pic\libm.a(libm_a-cosf.o)
                              main.o (cosf)
C:/devkitPro/libnx/lib\libnx.a(mutex.o)
                              C:/devkitPro/libnx/lib\libdeko3d.a(codesegmgr.o) (mutexLock)
C:/devkitPro/libnx/lib\libnx.a(applet.o)
                              main.o (appletMainLoop)
C:/devkitPro/libnx/lib\libnx.a(nv.o)
                              C:/devkitPro/libnx/lib\libdeko3d.a(dk_device.o) (nvInitialize)
C:/devkitPro/libnx/lib\libnx.a(sm.o)
                              C:/devkitPro/libnx/lib\libnx.a(applet.o) (smGetServiceWrapper)
C:/devkitPro/libnx/lib\libnx.a(address_space.o)
                              C:/devkitPro/libnx/lib\libdeko3d.a(dk_device.o) (nvAddressSpaceClose)
C:/devkitPro/libnx/lib\libnx.a(fence.o)
                              C:/devkitPro/libnx/lib\libdeko3d.a(dk_device.o) (nvFenceInit)
C:/devkitPro/libnx/lib\libnx.a(gpu.o)
                              C:/devkitPro/libnx/lib\libdeko3d.a(dk_device.o) (nvGpuInit)
C:/devkitPro/libnx/lib\libnx.a(gpu_channel.o)
                              C:/devkitPro/libnx/lib\libdeko3d.a(dk_queue.o) (nvGpuChannelClose)
C:/devkitPro/libnx/lib\libnx.a(map.o)
[...]
Memory Configuration

Name             Origin             Length             Attributes
*default*        0x0000000000000000 0xffffffffffffffff

Linker script and memory map

                0x0000000000000000                PROVIDE (__start__ = 0x0)
                0x0000000000000000                . = __start__
                [!provide]                        PROVIDE (__code_start = .)

.text           0x0000000000000000    0x20688
 *(.crt0)
 .crt0          0x0000000000000000      0x130 C:/devkitPro/libnx/lib\libnx.a(switch_crt0.o)
                0x0000000000000000                _start
                0x00000000000000e0                __nx_exit
                0x00000000000000f0                __nx_mod0
 *(.text.unlikely .text.*_unlikely .text.unlikely.*)
 *(.text.exit .text.exit.*)
 *fill*         0x0000000000000130       0x10 
 .text.exit     0x0000000000000140       0x34 C:/devkitPro/devkitA64/bin/../lib/gcc/aarch64-none-elf/15.2.0/../../../../aarch64-none-elf/lib/pic\libg.a(libc_a-exit.o)
                0x0000000000000140                exit
 *(.text.startup .text.startup.*)
 *fill*         0x0000000000000174        0xc 
 .text.startup.main
                0x0000000000000180      0xe34 main.o
                0x0000000000000180                main
 *(.text.hot .text.hot.*)
 *(.text .stub .text.* .gnu.linkonce.t.*)
 *fill*         0x0000000000000fb4        0xc 
 .text.__do_global_dtors_aux
                0x0000000000000fc0       0x50 C:/devkitPro/devkitA64/bin/../lib/gcc/aarch64-none-elf/15.2.0/pic/crtbegin.o
 *fill*         0x0000000000001010       0x10 
 .text.frame_dummy
                0x0000000000001020       0x24 C:/devkitPro/devkitA64/bin/../lib/gcc/aarch64-none-elf/15.2.0/pic/crtbegin.o
 *fill*         0x0000000000001044        0xc 
 .text.add_face
                0x0000000000001050       0x7c chunk.o
 *fill*         0x00000000000010cc        0x4 
 .text.chunk_generate
                0x00000000000010d0      0x128 chunk.o
                0x00000000000010d0                chunk_generate
 *fill*         0x00000000000011f8        0x8 
 .text.chunk_build_mesh
                0x0000000000001200      0x4bc chunk.o
                0x0000000000001200                chunk_build_mesh
 *fill*         0x00000000000016bc        0x4 
 .text.load_file
                0x00000000000016c0       0x94 main.o
 *fill*         0x0000000000001754        0xc 
 .text.simplex2
                0x0000000000001760      0x214 noise.o
                0x0000000000001760                simplex2
 *fill*         0x0000000000001974        0xc 
 .text.collides
                0x0000000000001980      0x114 player.o
 *fill*         0x0000000000001a94        0xc 
 .text.player_init
                0x0000000000001aa0       0x18 player.o
                0x0000000000001aa0                player_init
 *fill*         0x0000000000001ab8        0x8 
 .text.player_update
                0x0000000000001ac0      0x104 player.o
                0x0000000000001ac0                player_update
 *fill*         0x0000000000001bc4        0xc 
 .text.raycast  0x0000000000001bd0      0x1f0 raycast.o
                0x0000000000001bd0                raycast
 .text._ZN2dk6detail8MemBlock10initializeEjPvj
                0x0000000000001dc0      0x224 C:/devkitPro/libnx/lib\libdeko3d.a(dk_memblock.o)
                0x0000000000001dc0                dk::detail::MemBlock::initialize(unsigned int, void*, unsigned int)
 *fill*         0x0000000000001fe4        0xc 
 .text._ZN2dk6detail8MemBlock7destroyEv
                0x0000000000001ff0       0xcc C:/devkitPro/libnx/lib\libdeko3d.a(dk_memblock.o)
                0x0000000000001ff0                dk::detail::MemBlock::destroy()
 *fill*         0x00000000000020bc        0x4 
 .text._ZN2dk6detail8MemBlock18getGpuAddrForImageEjj6NvKind
                0x00000000000020c0       0x84 C:/devkitPro/libnx/lib\libdeko3d.a(dk_memblock.o)
                0x00000000000020c0                dk::detail::MemBlock::getGpuAddrForImage(unsigned int, unsigned int, NvKind)
 *fill*         0x0000000000002144        0xc 
 .text.dkMemBlockCreate
                0x0000000000002150       0x84 C:/devkitPro/libnx/lib\libdeko3d.a(dk_memblock.o)
                0x0000000000002150                dkMemBlockCreate
 *fill*         0x00000000000021d4        0xc 
 .text.dkMemBlockDestroy
                0x00000000000021e0       0x2c C:/devkitPro/libnx/lib\libdeko3d.a(dk_memblock.o)
                0x00000000000021e0                dkMemBlockDestroy
 *fill*         0x000000000000220c        0x4 
 .text.dkMemBlockGetCpuAddr
                0x0000000000002210       0x1c C:/devkitPro/libnx/lib\libdeko3d.a(dk_memblock.o)
                0x0000000000002210                dkMemBlockGetCpuAddr
 *fill*         0x000000000000222c        0x4 
 .text.dkMemBlockGetGpuAddr
                0x0000000000002230        0x8 C:/devkitPro/libnx/lib\libdeko3d.a(dk_memblock.o)
                0x0000000000002230                dkMemBlockGetGpuAddr
 *fill*         0x0000000000002238        0x8 
 .text._ZN2dk6detail5Queue13waitFenceRingEb
                0x0000000000002240       0xf8 C:/devkitPro/libnx/lib\libdeko3d.a(dk_queue.o)
                0x0000000000002240                dk::detail::Queue::waitFenceRing(bool)
 *fill*         0x0000000000002338        0x8 
 .text._ZN2dk6detail5Queue12addCmdMemoryEm
                0x0000000000002340      0x154 C:/devkitPro/libnx/lib\libdeko3d.a(dk_queue.o)
                0x0000000000002340                dk::detail::Queue::addCmdMemory(unsigned long)
 *fill*         0x0000000000002494        0xc 
 .text._ZN2dk6detail5Queue19appendGpfifoEntriesEPKNS0_18CtrlCmdGpfifoEntryEj
                0x00000000000024a0       0x80 C:/devkitPro/libnx/lib\libdeko3d.a(dk_queue.o)
                0x00000000000024a0                dk::detail::Queue::appendGpfifoEntries(dk::detail::CtrlCmdGpfifoEntry const*, unsigned int)
 .text._ZN2dk6detail5Queue16_gpfifoFlushFuncEPvPKNS0_18CtrlCmdGpfifoEntryEj
                0x0000000000002520        0x4 C:/devkitPro/libnx/lib\libdeko3d.a(dk_queue.o)
                0x0000000000002520                dk::detail::Queue::_gpfifoFlushFunc(void*, dk::detail::CtrlCmdGpfifoEntry const*, unsigned int)
 *fill*         0x0000000000002524        0xc 
 .text._ZN2dk6detail5Queue9waitFenceERNS0_5FenceE
                0x0000000000002530      0x190 C:/devkitPro/libnx/lib\libdeko3d.a(dk_queue.o)
                0x0000000000002530                dk::detail::Queue::waitFence(dk::detail::Fence&)
 .text._ZN2dk6detail5Queue11signalFenceERNS0_5FenceEb
                0x00000000000026c0      0x1a4 C:/devkitPro/libnx/lib\libdeko3d.a(dk_queue.o)
                0x00000000000026c0                dk::detail::Queue::signalFence(dk::detail::Fence&, bool)
 *fill*         0x0000000000002864        0xc 
 .text._ZN2dk6detail5Queue9flushRingEb
                0x0000000000002870      0x138 C:/devkitPro/libnx/lib\libdeko3d.a(dk_queue.o)
                0x0000000000002870                dk::detail::Queue::flushRing(bool)
 *fill*         0x00000000000029a8        0x8 
 .text._ZN2dk6detail5Queue5flushEv
                0x00000000000029b0      0x218 C:/devkitPro/libnx/lib\libdeko3d.a(dk_queue.o)
                0x00000000000029b0                dk::detail::Queue::flush()
 *fill*         0x0000000000002bc8        0x8 
 .text._ZN2dk6detail5Queue14onCmdBufAddMemEm
                0x0000000000002bd0       0xcc C:/devkitPro/libnx/lib\libdeko3d.a(dk_queue.o)
                0x0000000000002bd0                dk::detail::Queue::onCmdBufAddMem(unsigned long)
 *fill*         0x0000000000002c9c        0x4 
 .text._ZN2dk6detail5Queue11_addMemFuncEPvPNS0_6CmdBufEm
                0x0000000000002ca0        0x8 C:/devkitPro/libnx/lib\libdeko3d.a(dk_queue.o)
                0x0000000000002ca0                dk::detail::Queue::_addMemFunc(void*, dk::detail::CmdBuf*, unsigned long)
 *fill*         0x0000000000002ca8        0x8 
 .text._ZN2dk6detail5Queue8waitIdleEv
                0x0000000000002cb0       0x50 C:/devkitPro/libnx/lib\libdeko3d.a(dk_queue.o)
                0x0000000000002cb0                dk::detail::Queue::waitIdle()
 .text._ZN2dk6detail5QueueD2Ev
                0x0000000000002d00       0x64 C:/devkitPro/libnx/lib\libdeko3d.a(dk_queue.o)
                0x0000000000002d00                dk::detail::Queue::~Queue()
                0x0000000000002d00                dk::detail::Queue::~Queue()
 *fill*         0x0000000000002d64        0xc 
 .text.dkQueueDestroy
                0x0000000000002d70       0x2c C:/devkitPro/libnx/lib\libdeko3d.a(dk_queue.o)
                0x0000000000002d70                dkQueueDestroy
 *fill*         0x0000000000002d9c        0x4 
 .text.dkQueueWaitIdle
                0x0000000000002da0        0x4 C:/devkitPro/libnx/lib\libdeko3d.a(dk_queue.o)
                0x0000000000002da0                dkQueueWaitIdle
 *fill*         0x0000000000002da4        0xc 
 .text._ZN2dk6detail12ComputeQueue10initializeEv
                0x0000000000002db0        0x4 C:/devkitPro/libnx/lib\libdeko3d.a(dk_queue.o)
                0x0000000000002db0                dk::detail::ComputeQueue::initialize()
 *fill*         0x0000000000002db4        0xc 
 .text._ZN2dk6detail5Queue10initializeEv
                0x0000000000002dc0      0x190 C:/devkitPro/libnx/lib\libdeko3d.a(dk_queue.o)
                0x0000000000002dc0                dk::detail::Queue::initialize()
 .text.dkQueueCreate
                0x0000000000002f50      0x1e0 C:/devkitPro/libnx/lib\libdeko3d.a(dk_queue.o)
                0x0000000000002f50                dkQueueCreate
 .text._ZN2dk6detail12ComputeQueue14processCtrlCmdEPKNS0_13CtrlCmdHeaderE
                0x0000000000003130       0x54 C:/devkitPro/libnx/lib\libdeko3d.a(dk_queue.o)
                0x0000000000003130                dk::detail::ComputeQueue::processCtrlCmd(dk::detail::CtrlCmdHeader const*)
 *fill*         0x0000000000003184        0xc 
 .text._ZN2dk6detail5Queue14submitCommandsEm
                0x0000000000003190      0x198 C:/devkitPro/libnx/lib\libdeko3d.a(dk_queue.o)
                0x0000000000003190                dk::detail::Queue::submitCommands(unsigned long)
 *fill*         0x0000000000003328        0x8 
 .text.dkQueueSubmitCommands
                0x0000000000003330       0x20 C:/devkitPro/libnx/lib\libdeko3d.a(dk_queue.o)
                0x0000000000003330                dkQueueSubmitCommands
 .text._ZNK2dk6detail11ImageLayout15calcLevelOffsetEj
                0x0000000000003350      0x254 C:/devkitPro/libnx/lib\libdeko3d.a(dk_image.o)
                0x0000000000003350                dk::detail::ImageLayout::calcLevelOffset(unsigned int) const
 *fill*         0x00000000000035a4        0xc 
 .text._ZN2dk6detail9ImageInfo13fromImageViewEPK11DkImageViewj
                0x00000000000035b0      0x398 C:/devkitPro/libnx/lib\libdeko3d.a(dk_image.o)
                0x00000000000035b0                dk::detail::ImageInfo::fromImageView(DkImageView const*, unsigned int)
 *fill*         0x0000000000003948        0x8 
 .text.dkImageLayoutInitialize
                0x0000000000003950      0x4cc C:/devkitPro/libnx/lib\libdeko3d.a(dk_image.o)
                0x0000000000003950                dkImageLayoutInitialize
 *fill*         0x0000000000003e1c        0x4 
 .text.dkImageLayoutGetSize
                0x0000000000003e20        0x8 C:/devkitPro/libnx/lib\libdeko3d.a(dk_image.o)
                0x0000000000003e20                dkImageLayoutGetSize
 *fill*         0x0000000000003e28        0x8 
 .text.dkImageLayoutGetAlignment
                0x0000000000003e30        0x8 C:/devkitPro/libnx/lib\libdeko3d.a(dk_image.o)
                0x0000000000003e30                dkImageLayoutGetAlignment
 *fill*         0x0000000000003e38        0x8 
 .text.dkImageInitialize
                0x0000000000003e40       0x5c C:/devkitPro/libnx/lib\libdeko3d.a(dk_image.o)
                0x0000000000003e40                dkImageInitialize
 *fill*         0x0000000000003e9c        0x4 
 .text.dkCmdBufBindShaders
                0x0000000000003ea0      0x494 C:/devkitPro/libnx/lib\libdeko3d.a(cmd_bind_common.o)
                0x0000000000003ea0                dkCmdBufBindShaders
 *fill*         0x0000000000004334        0xc 
 .text._ZN2dk6detail9Swapchain10initializeEPvPKPKNS0_5ImageEj
                0x0000000000004340      0x1b8 C:/devkitPro/libnx/lib\libdeko3d.a(dk_swapchain.o)
                0x0000000000004340                dk::detail::Swapchain::initialize(void*, dk::detail::Image const* const*, unsigned int)
 *fill*         0x00000000000044f8        0x8 
 .text._ZN2dk6detail9SwapchainD2Ev
                0x0000000000004500       0x10 C:/devkitPro/libnx/lib\libdeko3d.a(dk_swapchain.o)
                0x0000000000004500                dk::detail::Swapchain::~Swapchain()
                0x0000000000004500                dk::detail::Swapchain::~Swapchain()
 .text._ZN2dk6detail9Swapchain12acquireImageERiRNS0_5FenceE
                0x0000000000004510       0x2c C:/devkitPro/libnx/lib\libdeko3d.a(dk_swapchain.o)
                0x0000000000004510                dk::detail::Swapchain::acquireImage(int&, dk::detail::Fence&)
 *fill*         0x000000000000453c        0x4 
 .text._ZN2dk6detail9Swapchain12presentImageEiRKNS0_5FenceE
                0x0000000000004540       0x50 C:/devkitPro/libnx/lib\libdeko3d.a(dk_swapchain.o)
                0x0000000000004540                dk::detail::Swapchain::presentImage(int, dk::detail::Fence const&)
 .text.dkSwapchainCreate
                0x0000000000004590       0x84 C:/devkitPro/libnx/lib\libdeko3d.a(dk_swapchain.o)
                0x0000000000004590                dkSwapchainCreate
 *fill*         0x0000000000004614        0xc 
 .text.dkSwapchainDestroy
                0x0000000000004620       0x2c C:/devkitPro/libnx/lib\libdeko3d.a(dk_swapchain.o)
                0x0000000000004620                dkSwapchainDestroy
 *fill*         0x000000000000464c        0x4 
 .text.dkQueueAcquireImage
                0x0000000000004650       0x54 C:/devkitPro/libnx/lib\libdeko3d.a(dk_swapchain.o)
                0x0000000000004650                dkQueueAcquireImage
 *fill*         0x00000000000046a4        0xc 
 .text.dkQueuePresentImage
                0x00000000000046b0       0x84 C:/devkitPro/libnx/lib\libdeko3d.a(dk_swapchain.o)
                0x00000000000046b0                dkQueuePresentImage
 *fill*         0x0000000000004734        0xc 
 .text._ZN2dk6detail5Fence4waitEi
                0x0000000000004740      0x168 C:/devkitPro/libnx/lib\libdeko3d.a(dk_fence.o)
                0x0000000000004740                dk::detail::Fence::wait(int)
 *fill*         0x00000000000048a8        0x8 
 .text._ZN2dk6detail10CodeSegMgr10initializeEv
                0x00000000000048b0       0x78 C:/devkitPro/libnx/lib\libdeko3d.a(codesegmgr.o)
                0x00000000000048b0                dk::detail::CodeSegMgr::initialize()
 *fill*         0x0000000000004928        0x8 
 .text._ZN2dk6detail10CodeSegMgr7cleanupEv
                0x0000000000004930       0x78 C:/devkitPro/libnx/lib\libdeko3d.a(codesegmgr.o)
                0x0000000000004930                dk::detail::CodeSegMgr::cleanup()
 *fill*         0x00000000000049a8        0x8 
 .text._ZN2dk6detail10CodeSegMgr10allocSpaceEjRm
                0x00000000000049b0      0x108 C:/devkitPro/libnx/lib\libdeko3d.a(codesegmgr.o)
                0x00000000000049b0                dk::detail::CodeSegMgr::allocSpace(unsigned int, unsigned long&)
 *fill*         0x0000000000004ab8        0x8 
 .text._ZN2dk6detail10CodeSegMgr9freeSpaceEmj
                0x0000000000004ac0       0x28 C:/devkitPro/libnx/lib\libdeko3d.a(codesegmgr.o)
                0x0000000000004ac0                dk::detail::CodeSegMgr::freeSpace(unsigned long, unsigned int)
 *fill*         0x0000000000004ae8        0x8 
 .text.dkShaderInitialize
                0x0000000000004af0      0x110 C:/devkitPro/libnx/lib\libdeko3d.a(dk_shader.o)
                0x0000000000004af0                dkShaderInitialize
 .text._ZN2dk6detail12QueueWorkBufC2ERK12DkQueueMaker
                0x0000000000004c00       0xfc C:/devkitPro/libnx/lib\libdeko3d.a(queue_workbuf.o)
                0x0000000000004c00                dk::detail::QueueWorkBuf::QueueWorkBuf(DkQueueMaker const&)
                0x0000000000004c00                dk::detail::QueueWorkBuf::QueueWorkBuf(DkQueueMaker const&)
 *fill*         0x0000000000004cfc        0x4 
 .text._ZN2dk6detail6CmdBuf5clearEv
                0x0000000000004d00       0x34 C:/devkitPro/libnx/lib\libdeko3d.a(dk_cmdbuf.o)
                0x0000000000004d00                dk::detail::CmdBuf::clear()
 *fill*         0x0000000000004d34        0xc 
 .text._ZN2dk6detail6CmdBufD2Ev
                0x0000000000004d40       0x48 C:/devkitPro/libnx/lib\libdeko3d.a(dk_cmdbuf.o)
                0x0000000000004d40                dk::detail::CmdBuf::~CmdBuf()
                0x0000000000004d40                dk::detail::CmdBuf::~CmdBuf()
 *fill*         0x0000000000004d88        0x8 
 .text._ZN2dk6detail6CmdBuf13requestCmdMemEj
                0x0000000000004d90       0x68 C:/devkitPro/libnx/lib\libdeko3d.a(dk_cmdbuf.o)
                0x0000000000004d90                dk::detail::CmdBuf::requestCmdMem(unsigned int)
 *fill*         0x0000000000004df8        0x8 
 .text._ZN2dk6detail6CmdBuf13appendCtrlCmdEm
                0x0000000000004e00       0xf8 C:/devkitPro/libnx/lib\libdeko3d.a(dk_cmdbuf.o)
                0x0000000000004e00                dk::detail::CmdBuf::appendCtrlCmd(unsigned long)
 *fill*         0x0000000000004ef8        0x8 
 .text._ZN2dk6detail6CmdBuf20appendRawGpfifoEntryEmjj
                0x0000000000004f00      0x124 C:/devkitPro/libnx/lib\libdeko3d.a(dk_cmdbuf.o)
                0x0000000000004f00                dk::detail::CmdBuf::appendRawGpfifoEntry(unsigned long, unsigned int, unsigned int)
 *fill*         0x0000000000005024        0xc 
 .text._ZN2dk6detail6CmdBuf10finishListEv
                0x0000000000005030       0x7c C:/devkitPro/libnx/lib\libdeko3d.a(dk_cmdbuf.o)
                0x0000000000005030                dk::detail::CmdBuf::finishList()
 *fill*         0x00000000000050ac        0x4 
 .text._ZN2dk6detail6CmdBuf9addMemoryEPNS0_8MemBlockEjj
                0x00000000000050b0       0x90 C:/devkitPro/libnx/lib\libdeko3d.a(dk_cmdbuf.o)
                0x00000000000050b0                dk::detail::CmdBuf::addMemory(dk::detail::MemBlock*, unsigned int, unsigned int)
 .text.dkCmdBufCreate
                0x0000000000005140       0x5c C:/devkitPro/libnx/lib\libdeko3d.a(dk_cmdbuf.o)
                0x0000000000005140                dkCmdBufCreate
 *fill*         0x000000000000519c        0x4 
 .text.dkCmdBufDestroy
                0x00000000000051a0       0x2c C:/devkitPro/libnx/lib\libdeko3d.a(dk_cmdbuf.o)
                0x00000000000051a0                dkCmdBufDestroy
 *fill*         0x00000000000051cc        0x4 
 .text.dkCmdBufAddMemory
                0x00000000000051d0        0x4 C:/devkitPro/libnx/lib\libdeko3d.a(dk_cmdbuf.o)
                0x00000000000051d0                dkCmdBufAddMemory
 *fill*         0x00000000000051d4        0xc 
 .text.dkCmdBufFinishList
                0x00000000000051e0        0x4 C:/devkitPro/libnx/lib\libdeko3d.a(dk_cmdbuf.o)
                0x00000000000051e0                dkCmdBufFinishList
 *fill*         0x00000000000051e4        0xc 
 .text.dkCmdBufClear
                0x00000000000051f0        0x4 C:/devkitPro/libnx/lib\libdeko3d.a(dk_cmdbuf.o)
                0x00000000000051f0                dkCmdBufClear
 *fill*         0x00000000000051f4        0xc 
 .text._ZN2dk6detail5Queue10checkErrorEv
                0x0000000000005200       0x98 C:/devkitPro/libnx/lib\libdeko3d.a(gpu_error.o)
                0x0000000000005200                dk::detail::Queue::checkError()
 *fill*         0x0000000000005298        0x8 
 .text._ZN2dk6detail6Device16checkQueueErrorsEv
                0x00000000000052a0       0x54 C:/devkitPro/libnx/lib\libdeko3d.a(gpu_error.o)
                0x00000000000052a0                dk::detail::Device::checkQueueErrors()
 *fill*         0x00000000000052f4        0xc 
 .text._ZN12_GLOBAL__N_115defaultFreeFuncEPvS0_
                0x0000000000005300        0x8 C:/devkitPro/libnx/lib\libdeko3d.a(dk_device.o)
 *fill*         0x0000000000005308        0x8 
 .text._ZN12_GLOBAL__N_116defaultAllocFuncEPvmmPS0_
                0x0000000000005310       0x48 C:/devkitPro/libnx/lib\libdeko3d.a(dk_device.o)
 *fill*         0x0000000000005358        0x8 
 .text._ZN2dk6detail6Device10initializeEv
                0x0000000000005360       0xc4 C:/devkitPro/libnx/lib\libdeko3d.a(dk_device.o)
                0x0000000000005360                dk::detail::Device::initialize()
 *fill*         0x0000000000005424        0xc 
 .text._ZN2dk6detail6DeviceD2Ev
                0x0000000000005430       0x64 C:/devkitPro/libnx/lib\libdeko3d.a(dk_device.o)
                0x0000000000005430                dk::detail::Device::~Device()
                0x0000000000005430                dk::detail::Device::~Device()
 *fill*         0x0000000000005494        0xc 
 .text._ZN2dk6detail6Device14reserveQueueIdEv
                0x00000000000054a0       0xa8 C:/devkitPro/libnx/lib\libdeko3d.a(dk_device.o)
                0x00000000000054a0                dk::detail::Device::reserveQueueId()
 *fill*         0x0000000000005548        0x8 
 .text._ZN2dk6detail6Device13returnQueueIdEj
                0x0000000000005550       0x60 C:/devkitPro/libnx/lib\libdeko3d.a(dk_device.o)
                0x0000000000005550                dk::detail::Device::returnQueueId(unsigned int)
 .text._ZNK2dk6detail6Device7freeMemEPv
                0x00000000000055b0       0x14 C:/devkitPro/libnx/lib\libdeko3d.a(dk_device.o)
                0x00000000000055b0                dk::detail::Device::freeMem(void*) const
 *fill*         0x00000000000055c4        0xc 
 .text.dkDeviceDestroy
                0x00000000000055d0       0x30 C:/devkitPro/libnx/lib\libdeko3d.a(dk_device.o)
                0x00000000000055d0                dkDeviceDestroy
 .text._ZN2dk6detail10RaiseErrorE8DkResult
                0x0000000000005600       0x18 C:/devkitPro/libnx/lib\libdeko3d.a(dk_device.o)
                0x0000000000005600                dk::detail::RaiseError(DkResult)
 *fill*         0x0000000000005618        0x8 
 .text._ZNK2dk6detail6Device8allocMemEmm
                0x0000000000005620       0x40 C:/devkitPro/libnx/lib\libdeko3d.a(dk_device.o)
                0x0000000000005620                dk::detail::Device::allocMem(unsigned long, unsigned long) const
 .text._ZN2dk6detail7ObjBasenwEmPNS0_6DeviceE
                0x0000000000005660       0x14 C:/devkitPro/libnx/lib\libdeko3d.a(dk_device.o)
                0x0000000000005660                dk::detail::ObjBase::operator new(unsigned long, dk::detail::Device*)
 *fill*         0x0000000000005674        0xc 
 .text.dkDeviceCreate
                0x0000000000005680      0x148 C:/devkitPro/libnx/lib\libdeko3d.a(dk_device.o)
                0x0000000000005680                dkDeviceCreate
 *fill*         0x00000000000057c8        0x8 
 .text._ZNK2dk6detail7ObjBase8allocMemEmm
                0x00000000000057d0        0x8 C:/devkitPro/libnx/lib\libdeko3d.a(dk_device.o)
                0x00000000000057d0                dk::detail::ObjBase::allocMem(unsigned long, unsigned long) const
 *fill*         0x00000000000057d8        0x8 
 .text._ZNK2dk6detail7ObjBase7freeMemEPv
                0x00000000000057e0        0x8 C:/devkitPro/libnx/lib\libdeko3d.a(dk_device.o)
                0x00000000000057e0                dk::detail::ObjBase::freeMem(void*) const
 *fill*         0x00000000000057e8        0x8 
 .text._ZN2dk6detail7ObjBasedlEPv
                0x00000000000057f0        0x8 C:/devkitPro/libnx/lib\libdeko3d.a(dk_device.o)
                0x00000000000057f0                dk::detail::ObjBase::operator delete(void*)
 *fill*         0x00000000000057f8        0x8 
 .text._ZN7maxwell19pickImageMemoryKindERKNS_12FormatTraitsEjbb
                0x0000000000005800      0x1c0 C:/devkitPro/libnx/lib\libdeko3d.a(image_formats.o)
                0x0000000000005800                maxwell::pickImageMemoryKind(maxwell::FormatTraits const&, unsigned int, bool, bool)
 .text._ZN2dk6detail5Queue13setup3DEngineEv
                0x00000000000059c0      0x8ec C:/devkitPro/libnx/lib\libdeko3d.a(gpu_3d_base.o)
                0x00000000000059c0                dk::detail::Queue::setup3DEngine()
 *fill*         0x00000000000062ac        0x4 
 .text.dkCmdBufBindRenderTargets
                0x00000000000062b0      0x348 C:/devkitPro/libnx/lib\libdeko3d.a(gpu_3d_base.o)
                0x00000000000062b0                dkCmdBufBindRenderTargets
 *fill*         0x00000000000065f8        0x8 
 .text.dkCmdBufSetViewports
                0x0000000000006600      0x180 C:/devkitPro/libnx/lib\libdeko3d.a(gpu_3d_base.o)
                0x0000000000006600                dkCmdBufSetViewports
 .text.dkCmdBufSetScissors
                0x0000000000006780      0x2e8 C:/devkitPro/libnx/lib\libdeko3d.a(gpu_3d_base.o)
                0x0000000000006780                dkCmdBufSetScissors
 *fill*         0x0000000000006a68        0x8 
 .text._ZN2dk6detail5Queue17decompressSurfaceEPKNS0_5ImageE
                0x0000000000006a70      0x158 C:/devkitPro/libnx/lib\libdeko3d.a(gpu_3d_base.o)
                0x0000000000006a70                dk::detail::Queue::decompressSurface(dk::detail::Image const*)
 *fill*         0x0000000000006bc8        0x8 
 .text.dkCmdBufClearColor
                0x0000000000006bd0       0xbc C:/devkitPro/libnx/lib\libdeko3d.a(gpu_3d_base.o)
                0x0000000000006bd0                dkCmdBufClearColor
 *fill*         0x0000000000006c8c        0x4 
 .text.dkCmdBufClearDepthStencil
                0x0000000000006c90      0x138 C:/devkitPro/libnx/lib\libdeko3d.a(gpu_3d_base.o)
                0x0000000000006c90                dkCmdBufClearDepthStencil
 *fill*         0x0000000000006dc8        0x8 
 .text.dkCmdBufDraw
                0x0000000000006dd0       0x8c C:/devkitPro/libnx/lib\libdeko3d.a(gpu_3d_base.o)
                0x0000000000006dd0                dkCmdBufDraw
 *fill*         0x0000000000006e5c        0x4 
 .text.dkCmdBufBindVtxAttribState
                0x0000000000006e60      0x110 C:/devkitPro/libnx/lib\libdeko3d.a(gpu_3d_vbo.o)
                0x0000000000006e60                dkCmdBufBindVtxAttribState
 .text.dkCmdBufBindVtxBufferState
                0x0000000000006f70      0x138 C:/devkitPro/libnx/lib\libdeko3d.a(gpu_3d_vbo.o)
                0x0000000000006f70                dkCmdBufBindVtxBufferState
 *fill*         0x00000000000070a8        0x8 
 .text.dkCmdBufBindVtxBuffers
                0x00000000000070b0       0xfc C:/devkitPro/libnx/lib\libdeko3d.a(gpu_3d_vbo.o)
                0x00000000000070b0                dkCmdBufBindVtxBuffers
 *fill*         0x00000000000071ac        0x4 
 .text._ZN2dk6detail5Queue12setupEnginesEv
                0x00000000000071b0      0x674 C:/devkitPro/libnx/lib\libdeko3d.a(gpu_base.o)
                0x00000000000071b0                dk::detail::Queue::setupEngines()
 *fill*         0x0000000000007824        0xc 
 .text.dkCmdBufBarrier
                0x0000000000007830      0x208 C:/devkitPro/libnx/lib\libdeko3d.a(gpu_base.o)
                0x0000000000007830                dkCmdBufBarrier
 *fill*         0x0000000000007a38        0x8 
 .text._ZN2dk6detail5Queue15postSubmitFlushEv
                0x0000000000007a40      0x13c C:/devkitPro/libnx/lib\libdeko3d.a(gpu_base.o)
                0x0000000000007a40                dk::detail::Queue::postSubmitFlush()
 *fill*         0x0000000000007b7c        0x4 
 .text._ZN2dk6detail5Queue13setupTransferEv
                0x0000000000007b80       0x30 C:/devkitPro/libnx/lib\libdeko3d.a(gpu_transfer.o)
                0x0000000000007b80                dk::detail::Queue::setupTransfer()
 .text.dkCmdBufBindRasterizerState
                0x0000000000007bb0      0x1e8 C:/devkitPro/libnx/lib\libdeko3d.a(gpu_3d_state.o)
                0x0000000000007bb0                dkCmdBufBindRasterizerState
 *fill*         0x0000000000007d98        0x8 
 .text.dkCmdBufBindColorState
                0x0000000000007da0       0xe8 C:/devkitPro/libnx/lib\libdeko3d.a(gpu_3d_state.o)
                0x0000000000007da0                dkCmdBufBindColorState
 *fill*         0x0000000000007e88        0x8 
 .text.dkCmdBufBindColorWriteState
                0x0000000000007e90       0x74 C:/devkitPro/libnx/lib\libdeko3d.a(gpu_3d_state.o)
                0x0000000000007e90                dkCmdBufBindColorWriteState
 *fill*         0x0000000000007f04        0xc 
 .text.dkCmdBufBindDepthStencilState
                0x0000000000007f10       0x5c C:/devkitPro/libnx/lib\libdeko3d.a(gpu_3d_state.o)
                0x0000000000007f10                dkCmdBufBindDepthStencilState
 *fill*         0x0000000000007f6c        0x4 
 .text._ZN2dk6detail6Device20calcZcullStorageInfoERNS0_16ZcullStorageInfoEjjj13DkImageFormat8DkMsMode
                0x0000000000007f70       0x68 C:/devkitPro/libnx/lib\libdeko3d.a(gpu_3d_zcull.o)
                0x0000000000007f70                dk::detail::Device::calcZcullStorageInfo(dk::detail::ZcullStorageInfo&, unsigned int, unsigned int, unsigned int, DkImageFormat, DkMsMode)
 *fill*         0x0000000000007fd8        0x8 
 .text.sinf     0x0000000000007fe0      0x18c C:/devkitPro/devkitA64/bin/../lib/gcc/aarch64-none-elf/15.2.0/../../../../aarch64-none-elf/lib/pic\libm.a(libm_a-sinf.o)
                0x0000000000007fe0                sinf
 *fill*         0x000000000000816c       0x14 
 .text.with_errnof
                0x0000000000008180       0x34 C:/devkitPro/devkitA64/bin/../lib/gcc/aarch64-none-elf/15.2.0/../../../../aarch64-none-elf/lib/pic\libm.a(libm_a-math_errf.o)
 *fill*         0x00000000000081b4        0xc 
 .text.__math_invalidf
                0x00000000000081c0       0x20 C:/devkitPro/devkitA64/bin/../lib/gcc/aarch64-none-elf/15.2.0/../../../../aarch64-none-elf/lib/pic\libm.a(libm_a-math_errf.o)
                0x00000000000081c0                __math_invalidf
 .text.cosf     0x00000000000081e0      0x1b4 C:/devkitPro/devkitA64/bin/../lib/gcc/aarch64-none-elf/15.2.0/../../../../aarch64-none-elf/lib/pic\libm.a(libm_a-cosf.o)
                0x00000000000081e0                cosf
 *fill*         0x0000000000008394        0xc 
 .text.mutexLock
                0x00000000000083a0       0xc8 C:/devkitPro/libnx/lib\libnx.a(mutex.o)
                0x00000000000083a0                mutexLock
 *fill*         0x0000000000008468        0x8 
 .text.mutexUnlock
                0x0000000000008470       0x68 C:/devkitPro/libnx/lib\libnx.a(mutex.o)
                0x0000000000008470                mutexUnlock
 *fill*         0x00000000000084d8        0x8 
 .text.mutexIsLockedByCurrentThread
                0x00000000000084e0       0x1c C:/devkitPro/libnx/lib\libnx.a(mutex.o)
                0x00000000000084e0                mutexIsLockedByCurrentThread
 *fill*         0x00000000000084fc        0x4 
 .text.rmutexLock
                0x0000000000008500       0x50 C:/devkitPro/libnx/lib\libnx.a(mutex.o)
                0x0000000000008500                rmutexLock
 .text.rmutexUnlock
                0x0000000000008550       0x18 C:/devkitPro/libnx/lib\libnx.a(mutex.o)
                0x0000000000008550                rmutexUnlock
 *fill*         0x0000000000008568        0x8 
 .text._appletInfiniteSleepLoop
                0x0000000000008570       0x18 C:/devkitPro/libnx/lib\libnx.a(applet.o)
 *fill*         0x0000000000008588        0x8 
 .text._appletCmdGetSession
                0x0000000000008590      0x108 C:/devkitPro/libnx/lib\libnx.a(applet.o)
 *fill*         0x0000000000008698        0x8 
 .text._appletCmdInU8NoOut
                0x00000000000086a0       0xcc C:/devkitPro/libnx/lib\libnx.a(applet.o)
 *fill*         0x000000000000876c        0x4 
 .text._appletCmdInU32NoOut
                0x0000000000008770       0xcc C:/devkitPro/libnx/lib\libnx.a(applet.o)
 *fill*         0x000000000000883c        0x4 
 .text._appletGetSessionProxy.constprop.0
                0x0000000000008840      0x12c C:/devkitPro/libnx/lib\libnx.a(applet.o)
 *fill*         0x000000000000896c        0x4 
 .text._appletOpenLibraryAppletProxy.constprop.0
                0x0000000000008970      0x148 C:/devkitPro/libnx/lib\libnx.a(applet.o)
 *fill*         0x0000000000008ab8        0x8 
 .text._appletCmdGetEvent
                0x0000000000008ac0       0xf8 C:/devkitPro/libnx/lib\libnx.a(applet.o)
 *fill*         0x0000000000008bb8        0x8 
 .text._appletCmdNoInOutU8.isra.0
                0x0000000000008bc0       0xd4 C:/devkitPro/libnx/lib\libnx.a(applet.o)
 *fill*         0x0000000000008c94        0xc 
 .text._appletCmdNoInOutU32.isra.0
                0x0000000000008ca0       0xd4 C:/devkitPro/libnx/lib\libnx.a(applet.o)
 *fill*         0x0000000000008d74        0xc 
 .text._appletCmdNoInOutU64.isra.0
                0x0000000000008d80       0xd4 C:/devkitPro/libnx/lib\libnx.a(applet.o)
 *fill*         0x0000000000008e54        0xc 
 .text._appletCmdNoIO.isra.0
                0x0000000000008e60       0xc0 C:/devkitPro/libnx/lib\libnx.a(applet.o)
 .text.appletGetAppletType
                0x0000000000008f20       0x10 C:/devkitPro/libnx/lib\libnx.a(applet.o)
                0x0000000000008f20                appletGetAppletType
 .text.appletSetFocusHandlingMode
                0x0000000000008f30      0x1b8 C:/devkitPro/libnx/lib\libnx.a(applet.o)
                0x0000000000008f30                appletSetFocusHandlingMode
 *fill*         0x00000000000090e8        0x8 
 .text.appletSetCpuBoostMode
                0x00000000000090f0       0x5c C:/devkitPro/libnx/lib\libnx.a(applet.o)
                0x00000000000090f0                appletSetCpuBoostMode
 *fill*         0x000000000000914c        0x4 
 .text.appletCreateManagedDisplayLayer
                0x0000000000009150       0x2c C:/devkitPro/libnx/lib\libnx.a(applet.o)
                0x0000000000009150                appletCreateManagedDisplayLayer
 *fill*         0x000000000000917c        0x4 
 .text.appletGetAppletResourceUserId
                0x0000000000009180        0xc C:/devkitPro/libnx/lib\libnx.a(applet.o)
                0x0000000000009180                appletGetAppletResourceUserId
 *fill*         0x000000000000918c        0x4 
 .text._appletHolderCreateState
                0x0000000000009190      0x138 C:/devkitPro/libnx/lib\libnx.a(applet.o)
 *fill*         0x00000000000092c8        0x8 
 .text.appletHolderClose
                0x00000000000092d0       0xb0 C:/devkitPro/libnx/lib\libnx.a(applet.o)
                0x00000000000092d0                appletHolderClose
 .text.appletHolderGetLibraryAppletInfo
                0x0000000000009380       0x24 C:/devkitPro/libnx/lib\libnx.a(applet.o)
                0x0000000000009380                appletHolderGetLibraryAppletInfo
 *fill*         0x00000000000093a4        0xc 
 .text.appletNotifyRunning
                0x00000000000093b0       0x90 C:/devkitPro/libnx/lib\libnx.a(applet.o)
                0x00000000000093b0                appletNotifyRunning
 .text.appletSetGamePlayRecordingState
                0x0000000000009440       0x78 C:/devkitPro/libnx/lib\libnx.a(applet.o)
                0x0000000000009440                appletSetGamePlayRecordingState
 *fill*         0x00000000000094b8        0x8 
 .text._appletCleanup
                0x00000000000094c0      0xad4 C:/devkitPro/libnx/lib\libnx.a(applet.o)
 *fill*         0x0000000000009f94        0xc 
 .text.appletExit
                0x0000000000009fa0       0x48 C:/devkitPro/libnx/lib\libnx.a(applet.o)
                0x0000000000009fa0                appletExit
 *fill*         0x0000000000009fe8        0x8 
 .text.appletGetLibraryAppletInfo
                0x0000000000009ff0       0x40 C:/devkitPro/libnx/lib\libnx.a(applet.o)
                0x0000000000009ff0                appletGetLibraryAppletInfo
 .text.appletInitialize
                0x000000000000a030      0xc14 C:/devkitPro/libnx/lib\libnx.a(applet.o)
                0x000000000000a030                appletInitialize
 *fill*         0x000000000000ac44        0xc 
 .text._appletExitProcess
                0x000000000000ac50       0x24 C:/devkitPro/libnx/lib\libnx.a(applet.o)
 *fill*         0x000000000000ac74        0xc 
 .text.appletGetMessage
                0x000000000000ac80       0x74 C:/devkitPro/libnx/lib\libnx.a(applet.o)
                0x000000000000ac80                appletGetMessage
 *fill*         0x000000000000acf4        0xc 
 .text.appletProcessMessage
                0x000000000000ad00      0x264 C:/devkitPro/libnx/lib\libnx.a(applet.o)
                0x000000000000ad00                appletProcessMessage
 *fill*         0x000000000000af64        0xc 
 .text.appletMainLoop
                0x000000000000af70       0x34 C:/devkitPro/libnx/lib\libnx.a(applet.o)
                0x000000000000af70                appletMainLoop
 *fill*         0x000000000000afa4        0xc 
 .text._nvCleanup
                0x000000000000afb0       0xd0 C:/devkitPro/libnx/lib\libnx.a(nv.o)
 .text._nvCmdInitialize.constprop.0
                0x000000000000b080       0xd4 C:/devkitPro/libnx/lib\libnx.a(nv.o)
 *fill*         0x000000000000b154        0xc 
 .text.__nx_nv_create_tmem
                0x000000000000b160       0x18 C:/devkitPro/libnx/lib\libnx.a(nv.o)
                0x000000000000b160                __nx_nv_create_tmem
 *fill*         0x000000000000b178        0x8 
 .text.nvInitialize
                0x000000000000b180      0x3a8 C:/devkitPro/libnx/lib\libnx.a(nv.o)
                0x000000000000b180                nvInitialize
 *fill*         0x000000000000b528        0x8 
 .text.nvExit   0x000000000000b530       0x48 C:/devkitPro/libnx/lib\libnx.a(nv.o)
                0x000000000000b530                nvExit
 *fill*         0x000000000000b578        0x8 
 .text.nvConvertError
                0x000000000000b580       0xf4 C:/devkitPro/libnx/lib\libnx.a(nv.o)
                0x000000000000b580                nvConvertError
 *fill*         0x000000000000b674        0xc 
 .text.nvOpen   0x000000000000b680      0x114 C:/devkitPro/libnx/lib\libnx.a(nv.o)
                0x000000000000b680                nvOpen
 *fill*         0x000000000000b794        0xc 
 .text.nvIoctl  0x000000000000b7a0      0x310 C:/devkitPro/libnx/lib\libnx.a(nv.o)
                0x000000000000b7a0                nvIoctl
 .text.nvIoctl2
                0x000000000000bab0      0x3f4 C:/devkitPro/libnx/lib\libnx.a(nv.o)
                0x000000000000bab0                nvIoctl2
 *fill*         0x000000000000bea4        0xc 
 .text.nvClose  0x000000000000beb0       0xd4 C:/devkitPro/libnx/lib\libnx.a(nv.o)
                0x000000000000beb0                nvClose
 *fill*         0x000000000000bf84        0xc 
 .text.nvQueryEvent
                0x000000000000bf90      0x10c C:/devkitPro/libnx/lib\libnx.a(nv.o)
                0x000000000000bf90                nvQueryEvent
 *fill*         0x000000000000c09c        0x4 
 .text._smCmifCmdInPid
                0x000000000000c0a0       0xcc C:/devkitPro/libnx/lib\libnx.a(sm.o)
 *fill*         0x000000000000c16c        0x4 
 .text._smCleanup
                0x000000000000c170       0x78 C:/devkitPro/libnx/lib\libnx.a(sm.o)
 *fill*         0x000000000000c1e8        0x8 
 .text.smAddOverrideHandle
                0x000000000000c1f0       0x48 C:/devkitPro/libnx/lib\libnx.a(sm.o)
                0x000000000000c1f0                smAddOverrideHandle
 *fill*         0x000000000000c238        0x8 
 .text.smGetServiceOverride
                0x000000000000c240       0x54 C:/devkitPro/libnx/lib\libnx.a(sm.o)
                0x000000000000c240                smGetServiceOverride
 *fill*         0x000000000000c294        0xc 
 .text.smInitialize
                0x000000000000c2a0      0x1ac C:/devkitPro/libnx/lib\libnx.a(sm.o)
                0x000000000000c2a0                smInitialize
 *fill*         0x000000000000c44c        0x4 
 .text.smExit   0x000000000000c450       0x48 C:/devkitPro/libnx/lib\libnx.a(sm.o)
                0x000000000000c450                smExit
 *fill*         0x000000000000c498        0x8 
 .text.smGetServiceOriginal
                0x000000000000c4a0       0xd0 C:/devkitPro/libnx/lib\libnx.a(sm.o)
                0x000000000000c4a0                smGetServiceOriginal
 .text.smGetServiceWrapper
                0x000000000000c570      0x120 C:/devkitPro/libnx/lib\libnx.a(sm.o)
                0x000000000000c570                smGetServiceWrapper
 .text.nvAddressSpaceClose
                0x000000000000c690       0x54 C:/devkitPro/libnx/lib\libnx.a(address_space.o)
                0x000000000000c690                nvAddressSpaceClose
 *fill*         0x000000000000c6e4        0xc 
 .text.nvAddressSpaceCreate
                0x000000000000c6f0       0x88 C:/devkitPro/libnx/lib\libnx.a(address_space.o)
                0x000000000000c6f0                nvAddressSpaceCreate
 *fill*         0x000000000000c778        0x8 
 .text.nvAddressSpaceAlloc
                0x000000000000c780       0x20 C:/devkitPro/libnx/lib\libnx.a(address_space.o)
                0x000000000000c780                nvAddressSpaceAlloc
 .text.nvAddressSpaceFree
                0x000000000000c7a0       0x28 C:/devkitPro/libnx/lib\libnx.a(address_space.o)
                0x000000000000c7a0                nvAddressSpaceFree
 *fill*         0x000000000000c7c8        0x8 
 .text.nvAddressSpaceMap
                0x000000000000c7d0       0x40 C:/devkitPro/libnx/lib\libnx.a(address_space.o)
                0x000000000000c7d0                nvAddressSpaceMap
 .text.nvAddressSpaceMapFixed
                0x000000000000c810       0x64 C:/devkitPro/libnx/lib\libnx.a(address_space.o)
                0x000000000000c810                nvAddressSpaceMapFixed
 *fill*         0x000000000000c874        0xc 
 .text.nvAddressSpaceModify
                0x000000000000c880       0x70 C:/devkitPro/libnx/lib\libnx.a(address_space.o)
                0x000000000000c880                nvAddressSpaceModify
 .text.nvAddressSpaceUnmap
                0x000000000000c8f0        0x8 C:/devkitPro/libnx/lib\libnx.a(address_space.o)
                0x000000000000c8f0                nvAddressSpaceUnmap
 *fill*         0x000000000000c8f8        0x8 
 .text._nvFenceCleanup
                0x000000000000c900       0x74 C:/devkitPro/libnx/lib\libnx.a(fence.o)
 *fill*         0x000000000000c974        0xc 
 .text.nvFenceInit
                0x000000000000c980       0x98 C:/devkitPro/libnx/lib\libnx.a(fence.o)
                0x000000000000c980                nvFenceInit
 *fill*         0x000000000000ca18        0x8 
 .text.nvFenceExit
                0x000000000000ca20       0x48 C:/devkitPro/libnx/lib\libnx.a(fence.o)
                0x000000000000ca20                nvFenceExit
 *fill*         0x000000000000ca68        0x8 
 .text.nvFenceWait
                0x000000000000ca70      0x290 C:/devkitPro/libnx/lib\libnx.a(fence.o)
                0x000000000000ca70                nvFenceWait
 .text.nvMultiFenceWait
                0x000000000000cd00       0x7c C:/devkitPro/libnx/lib\libnx.a(fence.o)
                0x000000000000cd00                nvMultiFenceWait
 *fill*         0x000000000000cd7c        0x4 
 .text.nvGpuInit
                0x000000000000cd80      0x138 C:/devkitPro/libnx/lib\libnx.a(gpu.o)
                0x000000000000cd80                nvGpuInit
 *fill*         0x000000000000ceb8        0x8 
 .text.nvGpuExit
                0x000000000000cec0       0x74 C:/devkitPro/libnx/lib\libnx.a(gpu.o)
                0x000000000000cec0                nvGpuExit
 *fill*         0x000000000000cf34        0xc 
 .text.nvGpuGetCharacteristics
                0x000000000000cf40        0xc C:/devkitPro/libnx/lib\libnx.a(gpu.o)
                0x000000000000cf40                nvGpuGetCharacteristics
 *fill*         0x000000000000cf4c        0x4 
 .text.nvGpuGetZcullCtxSize
                0x000000000000cf50        0xc C:/devkitPro/libnx/lib\libnx.a(gpu.o)
                0x000000000000cf50                nvGpuGetZcullCtxSize
 *fill*         0x000000000000cf5c        0x4 
 .text.nvGpuGetZcullInfo
                0x000000000000cf60        0xc C:/devkitPro/libnx/lib\libnx.a(gpu.o)
                0x000000000000cf60                nvGpuGetZcullInfo
 *fill*         0x000000000000cf6c        0x4 
 .text.nvGpuChannelClose
                0x000000000000cf70       0x54 C:/devkitPro/libnx/lib\libnx.a(gpu_channel.o)
                0x000000000000cf70                nvGpuChannelClose
 *fill*         0x000000000000cfc4        0xc 
 .text.nvGpuChannelCreate
                0x000000000000cfd0      0x10c C:/devkitPro/libnx/lib\libnx.a(gpu_channel.o)
                0x000000000000cfd0                nvGpuChannelCreate
 *fill*         0x000000000000d0dc        0x4 
 .text.nvGpuChannelZcullBind
                0x000000000000d0e0        0xc C:/devkitPro/libnx/lib\libnx.a(gpu_channel.o)
                0x000000000000d0e0                nvGpuChannelZcullBind
 *fill*         0x000000000000d0ec        0x4 
 .text.nvGpuChannelKickoff
                0x000000000000d0f0       0xcc C:/devkitPro/libnx/lib\libnx.a(gpu_channel.o)
                0x000000000000d0f0                nvGpuChannelKickoff
 *fill*         0x000000000000d1bc        0x4 
 .text.nvGpuChannelAppendEntry
                0x000000000000d1c0       0xa0 C:/devkitPro/libnx/lib\libnx.a(gpu_channel.o)
                0x000000000000d1c0                nvGpuChannelAppendEntry
 .text.nvGpuChannelGetErrorNotification
                0x000000000000d260       0x44 C:/devkitPro/libnx/lib\libnx.a(gpu_channel.o)
                0x000000000000d260                nvGpuChannelGetErrorNotification
 *fill*         0x000000000000d2a4        0xc 
 .text.nvGpuChannelGetErrorInfo
                0x000000000000d2b0        0x8 C:/devkitPro/libnx/lib\libnx.a(gpu_channel.o)
                0x000000000000d2b0                nvGpuChannelGetErrorInfo
 *fill*         0x000000000000d2b8        0x8 
 .text.nvMapInit
                0x000000000000d2c0       0xac C:/devkitPro/libnx/lib\libnx.a(map.o)
                0x000000000000d2c0                nvMapInit
 *fill*         0x000000000000d36c        0x4 
 .text.nvMapExit
                0x000000000000d370       0x74 C:/devkitPro/libnx/lib\libnx.a(map.o)
                0x000000000000d370                nvMapExit
 *fill*         0x000000000000d3e4        0xc 
 .text.nvMapGetFd
                0x000000000000d3f0        0xc C:/devkitPro/libnx/lib\libnx.a(map.o)
                0x000000000000d3f0                nvMapGetFd
 *fill*         0x000000000000d3fc        0x4 
 .text.nvMapClose
                0x000000000000d400       0x8c C:/devkitPro/libnx/lib\libnx.a(map.o)
                0x000000000000d400                nvMapClose
 *fill*         0x000000000000d48c        0x4 
 .text.nvMapCreate
                0x000000000000d490      0x160 C:/devkitPro/libnx/lib\libnx.a(map.o)
                0x000000000000d490                nvMapCreate
 .text.nvioctlChannel_SetNvmapFd
                0x000000000000d5f0       0x24 C:/devkitPro/libnx/lib\libnx.a(nvchannel.o)
                0x000000000000d5f0                nvioctlChannel_SetNvmapFd
 *fill*         0x000000000000d614        0xc 
 .text.nvioctlChannel_SubmitGpfifo
                0x000000000000d620       0xc4 C:/devkitPro/libnx/lib\libnx.a(nvchannel.o)
                0x000000000000d620                nvioctlChannel_SubmitGpfifo
 *fill*         0x000000000000d6e4        0xc 
 .text.nvioctlChannel_KickoffPb
                0x000000000000d6f0       0x50 C:/devkitPro/libnx/lib\libnx.a(nvchannel.o)
                0x000000000000d6f0                nvioctlChannel_KickoffPb
 .text.nvioctlChannel_AllocObjCtx
                0x000000000000d740       0x50 C:/devkitPro/libnx/lib\libnx.a(nvchannel.o)
                0x000000000000d740                nvioctlChannel_AllocObjCtx
 .text.nvioctlChannel_ZCullBind
                0x000000000000d790       0x28 C:/devkitPro/libnx/lib\libnx.a(nvchannel.o)
                0x000000000000d790                nvioctlChannel_ZCullBind
 *fill*         0x000000000000d7b8        0x8 
 .text.nvioctlChannel_SetErrorNotifier
                0x000000000000d7c0       0x2c C:/devkitPro/libnx/lib\libnx.a(nvchannel.o)
                0x000000000000d7c0                nvioctlChannel_SetErrorNotifier
 *fill*         0x000000000000d7ec        0x4 
 .text.nvioctlChannel_GetErrorInfo
                0x000000000000d7f0       0x10 C:/devkitPro/libnx/lib\libnx.a(nvchannel.o)
                0x000000000000d7f0                nvioctlChannel_GetErrorInfo
 .text.nvioctlChannel_GetErrorNotification
                0x000000000000d800       0x10 C:/devkitPro/libnx/lib\libnx.a(nvchannel.o)
                0x000000000000d800                nvioctlChannel_GetErrorNotification
 .text.nvioctlChannel_SetPriority
                0x000000000000d810       0x24 C:/devkitPro/libnx/lib\libnx.a(nvchannel.o)
                0x000000000000d810                nvioctlChannel_SetPriority
 *fill*         0x000000000000d834        0xc 
 .text.nvioctlChannel_AllocGpfifoEx2
                0x000000000000d840       0x54 C:/devkitPro/libnx/lib\libnx.a(nvchannel.o)
                0x000000000000d840                nvioctlChannel_AllocGpfifoEx2
 *fill*         0x000000000000d894        0xc 
 .text.nvioctlNvhostAsGpu_BindChannel
                0x000000000000d8a0       0x24 C:/devkitPro/libnx/lib\libnx.a(nvhost-as-gpu.o)
                0x000000000000d8a0                nvioctlNvhostAsGpu_BindChannel
 *fill*         0x000000000000d8c4        0xc 
 .text.nvioctlNvhostAsGpu_AllocSpace
                0x000000000000d8d0       0x4c C:/devkitPro/libnx/lib\libnx.a(nvhost-as-gpu.o)
                0x000000000000d8d0                nvioctlNvhostAsGpu_AllocSpace
 *fill*         0x000000000000d91c        0x4 
 .text.nvioctlNvhostAsGpu_FreeSpace
                0x000000000000d920       0x28 C:/devkitPro/libnx/lib\libnx.a(nvhost-as-gpu.o)
                0x000000000000d920                nvioctlNvhostAsGpu_FreeSpace
 *fill*         0x000000000000d948        0x8 
 .text.nvioctlNvhostAsGpu_MapBufferEx
                0x000000000000d950       0x4c C:/devkitPro/libnx/lib\libnx.a(nvhost-as-gpu.o)
                0x000000000000d950                nvioctlNvhostAsGpu_MapBufferEx
 *fill*         0x000000000000d99c        0x4 
 .text.nvioctlNvhostAsGpu_UnmapBuffer
                0x000000000000d9a0       0x24 C:/devkitPro/libnx/lib\libnx.a(nvhost-as-gpu.o)
                0x000000000000d9a0                nvioctlNvhostAsGpu_UnmapBuffer
 *fill*         0x000000000000d9c4        0xc 
 .text.nvioctlNvhostAsGpu_InitializeEx
                0x000000000000d9d0       0x3c C:/devkitPro/libnx/lib\libnx.a(nvhost-as-gpu.o)
                0x000000000000d9d0                nvioctlNvhostAsGpu_InitializeEx
 *fill*         0x000000000000da0c        0x4 
 .text.nvioctlNvhostCtrl_EventSignal
                0x000000000000da10       0x24 C:/devkitPro/libnx/lib\libnx.a(nvhost-ctrl.o)
                0x000000000000da10                nvioctlNvhostCtrl_EventSignal
 *fill*         0x000000000000da34        0xc 
 .text.nvioctlNvhostCtrl_EventWait
                0x000000000000da40       0x3c C:/devkitPro/libnx/lib\libnx.a(nvhost-ctrl.o)
                0x000000000000da40                nvioctlNvhostCtrl_EventWait
 *fill*         0x000000000000da7c        0x4 
 .text.nvioctlNvhostCtrl_EventWaitAsync
                0x000000000000da80       0x28 C:/devkitPro/libnx/lib\libnx.a(nvhost-ctrl.o)
                0x000000000000da80                nvioctlNvhostCtrl_EventWaitAsync
 *fill*         0x000000000000daa8        0x8 
 .text.nvioctlNvhostCtrl_EventRegister
                0x000000000000dab0       0x24 C:/devkitPro/libnx/lib\libnx.a(nvhost-ctrl.o)
                0x000000000000dab0                nvioctlNvhostCtrl_EventRegister
 *fill*         0x000000000000dad4        0xc 
 .text.nvioctlNvhostCtrl_EventUnregister
                0x000000000000dae0       0x24 C:/devkitPro/libnx/lib\libnx.a(nvhost-ctrl.o)
                0x000000000000dae0                nvioctlNvhostCtrl_EventUnregister
 *fill*         0x000000000000db04        0xc 
 .text.nvioctlNvhostCtrlGpu_ZCullGetCtxSize
                0x000000000000db10       0x3c C:/devkitPro/libnx/lib\libnx.a(nvhost-ctrl-gpu.o)
                0x000000000000db10                nvioctlNvhostCtrlGpu_ZCullGetCtxSize
 *fill*         0x000000000000db4c        0x4 
 .text.nvioctlNvhostCtrlGpu_ZCullGetInfo
                0x000000000000db50       0x54 C:/devkitPro/libnx/lib\libnx.a(nvhost-ctrl-gpu.o)
                0x000000000000db50                nvioctlNvhostCtrlGpu_ZCullGetInfo
 *fill*         0x000000000000dba4        0xc 
 .text.nvioctlNvhostCtrlGpu_GetCharacteristics
                0x000000000000dbb0       0x8c C:/devkitPro/libnx/lib\libnx.a(nvhost-ctrl-gpu.o)
                0x000000000000dbb0                nvioctlNvhostCtrlGpu_GetCharacteristics
 *fill*         0x000000000000dc3c        0x4 
 .text.nvioctlNvhostCtrlGpu_GetTpcMasks
                0x000000000000dc40       0x78 C:/devkitPro/libnx/lib\libnx.a(nvhost-ctrl-gpu.o)
                0x000000000000dc40                nvioctlNvhostCtrlGpu_GetTpcMasks
 *fill*         0x000000000000dcb8        0x8 
 .text.nvioctlNvmap_Create
                0x000000000000dcc0       0x3c C:/devkitPro/libnx/lib\libnx.a(nvmap.o)
                0x000000000000dcc0                nvioctlNvmap_Create
 *fill*         0x000000000000dcfc        0x4 
 .text.nvioctlNvmap_Alloc
                0x000000000000dd00       0x30 C:/devkitPro/libnx/lib\libnx.a(nvmap.o)
                0x000000000000dd00                nvioctlNvmap_Alloc
 .text.nvioctlNvmap_Free
                0x000000000000dd30       0x30 C:/devkitPro/libnx/lib\libnx.a(nvmap.o)
                0x000000000000dd30                nvioctlNvmap_Free
 .text.nvioctlNvmap_GetId
                0x000000000000dd60       0x3c C:/devkitPro/libnx/lib\libnx.a(nvmap.o)
                0x000000000000dd60                nvioctlNvmap_GetId
 *fill*         0x000000000000dd9c        0x4 
 .text.nwindowGetDefault
                0x000000000000dda0        0xc C:/devkitPro/libnx/lib\libnx.a(default_window.o)
                0x000000000000dda0                nwindowGetDefault
 *fill*         0x000000000000ddac        0x4 
 .text.__nx_win_init
                0x000000000000ddb0       0xa4 C:/devkitPro/libnx/lib\libnx.a(default_window.o)
                0x000000000000ddb0                __nx_win_init
 *fill*         0x000000000000de54        0xc 
 .text.__nx_win_exit
                0x000000000000de60       0x34 C:/devkitPro/libnx/lib\libnx.a(default_window.o)
                0x000000000000de60                __nx_win_exit
 *fill*         0x000000000000de94        0xc 
 .text.nwindowIsValid
                0x000000000000dea0       0x24 C:/devkitPro/libnx/lib\libnx.a(native_window.o)
                0x000000000000dea0                nwindowIsValid
 *fill*         0x000000000000dec4        0xc 
 .text.nwindowClose
                0x000000000000ded0       0x7c C:/devkitPro/libnx/lib\libnx.a(native_window.o)
                0x000000000000ded0                nwindowClose
 *fill*         0x000000000000df4c        0x4 
 .text.nwindowCreate
                0x000000000000df50       0xf8 C:/devkitPro/libnx/lib\libnx.a(native_window.o)
                0x000000000000df50                nwindowCreate
 *fill*         0x000000000000e048        0x8 
 .text.nwindowCreateFromLayer
                0x000000000000e050       0x38 C:/devkitPro/libnx/lib\libnx.a(native_window.o)
                0x000000000000e050                nwindowCreateFromLayer
 *fill*         0x000000000000e088        0x8 
 .text.nwindowSetDimensions
                0x000000000000e090       0x84 C:/devkitPro/libnx/lib\libnx.a(native_window.o)
                0x000000000000e090                nwindowSetDimensions
 *fill*         0x000000000000e114        0xc 
 .text.nwindowSetTransform
                0x000000000000e120       0x4c C:/devkitPro/libnx/lib\libnx.a(native_window.o)
                0x000000000000e120                nwindowSetTransform
 *fill*         0x000000000000e16c        0x4 
 .text.nwindowConfigureBuffer
                0x000000000000e170      0x180 C:/devkitPro/libnx/lib\libnx.a(native_window.o)
                0x000000000000e170                nwindowConfigureBuffer
 .text.nwindowDequeueBuffer
                0x000000000000e2f0      0x1cc C:/devkitPro/libnx/lib\libnx.a(native_window.o)
                0x000000000000e2f0                nwindowDequeueBuffer
 *fill*         0x000000000000e4bc        0x4 
 .text.nwindowQueueBuffer
                0x000000000000e4c0      0x12c C:/devkitPro/libnx/lib\libnx.a(native_window.o)
                0x000000000000e4c0                nwindowQueueBuffer
 *fill*         0x000000000000e5ec        0x4 
 .text.nwindowReleaseBuffers
                0x000000000000e5f0       0xbc C:/devkitPro/libnx/lib\libnx.a(native_window.o)
                0x000000000000e5f0                nwindowReleaseBuffers
 *fill*         0x000000000000e6ac        0x4 
 .text.diagAbortWithResult
                0x000000000000e6b0       0x1c C:/devkitPro/libnx/lib\libnx.a(diag.o)
                0x000000000000e6b0                diagAbortWithResult
 *fill*         0x000000000000e6cc        0x4 
 .text.envSetup
                0x000000000000e6d0      0x208 C:/devkitPro/libnx/lib\libnx.a(env.o)
                0x000000000000e6d0                envSetup
 *fill*         0x000000000000e8d8        0x8 
 .text.envGetMainThreadHandle
                0x000000000000e8e0       0x20 C:/devkitPro/libnx/lib\libnx.a(env.o)
                0x000000000000e8e0                envGetMainThreadHandle
 .text.envIsNso
                0x000000000000e900        0xc C:/devkitPro/libnx/lib\libnx.a(env.o)
                0x000000000000e900                envIsNso
 *fill*         0x000000000000e90c        0x4 
 .text.envHasHeapOverride
                0x000000000000e910       0x14 C:/devkitPro/libnx/lib\libnx.a(env.o)
                0x000000000000e910                envHasHeapOverride
 *fill*         0x000000000000e924        0xc 
 .text.envGetHeapOverrideAddr
                0x000000000000e930        0xc C:/devkitPro/libnx/lib\libnx.a(env.o)
                0x000000000000e930                envGetHeapOverrideAddr
 *fill*         0x000000000000e93c        0x4 
 .text.envGetHeapOverrideSize
                0x000000000000e940        0xc C:/devkitPro/libnx/lib\libnx.a(env.o)
                0x000000000000e940                envGetHeapOverrideSize
 *fill*         0x000000000000e94c        0x4 
 .text.envHasArgv
                0x000000000000e950       0x14 C:/devkitPro/libnx/lib\libnx.a(env.o)
                0x000000000000e950                envHasArgv
 *fill*         0x000000000000e964        0xc 
 .text.envGetArgv
                0x000000000000e970        0xc C:/devkitPro/libnx/lib\libnx.a(env.o)
                0x000000000000e970                envGetArgv
 *fill*         0x000000000000e97c        0x4 
 .text.envGetExitFuncPtr
                0x000000000000e980        0xc C:/devkitPro/libnx/lib\libnx.a(env.o)
                0x000000000000e980                envGetExitFuncPtr
 *fill*         0x000000000000e98c        0x4 
 .text.envSetExitFuncPtr
                0x000000000000e990        0xc C:/devkitPro/libnx/lib\libnx.a(env.o)
                0x000000000000e990                envSetExitFuncPtr
 *fill*         0x000000000000e99c        0x4 
 .text.envHasRandomSeed
                0x000000000000e9a0        0xc C:/devkitPro/libnx/lib\libnx.a(env.o)
                0x000000000000e9a0                envHasRandomSeed
 *fill*         0x000000000000e9ac        0x4 
 .text.envGetRandomSeed
                0x000000000000e9b0       0x10 C:/devkitPro/libnx/lib\libnx.a(env.o)
                0x000000000000e9b0                envGetRandomSeed
 .text.hosversionGet
                0x000000000000e9c0       0x14 C:/devkitPro/libnx/lib\libnx.a(hosversion.o)
                0x000000000000e9c0                hosversionGet
 *fill*         0x000000000000e9d4        0xc 
 .text.hosversionSet
                0x000000000000e9e0       0x10 C:/devkitPro/libnx/lib\libnx.a(hosversion.o)
                0x000000000000e9e0                hosversionSet
 .text.padConfigureInput
                0x000000000000e9f0       0x9c C:/devkitPro/libnx/lib\libnx.a(pad.o)
                0x000000000000e9f0                padConfigureInput
 *fill*         0x000000000000ea8c        0x4 
 .text.padInitializeWithMask
                0x000000000000ea90       0x24 C:/devkitPro/libnx/lib\libnx.a(pad.o)
                0x000000000000ea90                padInitializeWithMask
 *fill*         0x000000000000eab4        0xc 
 .text.padUpdate
                0x000000000000eac0      0x29c C:/devkitPro/libnx/lib\libnx.a(pad.o)
                0x000000000000eac0                padUpdate
 *fill*         0x000000000000ed5c        0x4 
 .text.romfs_close
                0x000000000000ed60        0x8 C:/devkitPro/libnx/lib\libnx.a(romfs_dev.o)
 *fill*         0x000000000000ed68        0x8 
 .text.romfs_seek
                0x000000000000ed70       0x88 C:/devkitPro/libnx/lib\libnx.a(romfs_dev.o)
 *fill*         0x000000000000edf8        0x8 
 .text.romfs_dirreset
                0x000000000000ee00       0x1c C:/devkitPro/libnx/lib\libnx.a(romfs_dev.o)
 *fill*         0x000000000000ee1c        0x4 
 .text.fillDir  0x000000000000ee20      0x100 C:/devkitPro/libnx/lib\libnx.a(romfs_dev.o)
 .text.romfs_dirnext
                0x000000000000ef20      0x2b0 C:/devkitPro/libnx/lib\libnx.a(romfs_dev.o)
 .text.searchForDir
                0x000000000000f1d0      0x150 C:/devkitPro/libnx/lib\libnx.a(romfs_dev.o)
 .text.searchForFile
                0x000000000000f320      0x150 C:/devkitPro/libnx/lib\libnx.a(romfs_dev.o)
 .text._romfs_read_safe
                0x000000000000f470      0x150 C:/devkitPro/libnx/lib\libnx.a(romfs_dev.o)
 .text._romfs_read
                0x000000000000f5c0       0xb8 C:/devkitPro/libnx/lib\libnx.a(romfs_dev.o)
 *fill*         0x000000000000f678        0x8 
 .text.romfs_read
                0x000000000000f680       0x80 C:/devkitPro/libnx/lib\libnx.a(romfs_dev.o)
 .text.romfs_free
                0x000000000000f700       0xb4 C:/devkitPro/libnx/lib\libnx.a(romfs_dev.o)
 *fill*         0x000000000000f7b4        0xc 
 .text.navigateToDir.constprop.0
                0x000000000000f7c0      0x1f4 C:/devkitPro/libnx/lib\libnx.a(romfs_dev.o)
 *fill*         0x000000000000f9b4        0xc 
 .text.romfs_open
                0x000000000000f9c0      0x108 C:/devkitPro/libnx/lib\libnx.a(romfs_dev.o)
 *fill*         0x000000000000fac8        0x8 
 .text.romfs_stat
                0x000000000000fad0      0x1a0 C:/devkitPro/libnx/lib\libnx.a(romfs_dev.o)
 .text.romfs_chdir
                0x000000000000fc70       0x54 C:/devkitPro/libnx/lib\libnx.a(romfs_dev.o)
 *fill*         0x000000000000fcc4        0xc 
 .text.romfs_diropen
                0x000000000000fcd0       0x84 C:/devkitPro/libnx/lib\libnx.a(romfs_dev.o)
 *fill*         0x000000000000fd54        0xc 
 .text.romfs_dirclose
                0x000000000000fd60        0x8 C:/devkitPro/libnx/lib\libnx.a(romfs_dev.o)
 *fill*         0x000000000000fd68        0x8 
 .text.romfsFindMount
                0x000000000000fd70      0x188 C:/devkitPro/libnx/lib\libnx.a(romfs_dev.o)
 *fill*         0x000000000000fef8        0x8 
 .text.romfs_fstat
                0x000000000000ff00       0x70 C:/devkitPro/libnx/lib\libnx.a(romfs_dev.o)
 .text.romfsMountCommon
                0x000000000000ff70      0x1b0 C:/devkitPro/libnx/lib\libnx.a(romfs_dev.o)
 .text.romfsMountFromFile
                0x0000000000010120       0x68 C:/devkitPro/libnx/lib\libnx.a(romfs_dev.o)
                0x0000000000010120                romfsMountFromFile
 *fill*         0x0000000000010188        0x8 
 .text.romfsMountFromStorage
                0x0000000000010190       0x6c C:/devkitPro/libnx/lib\libnx.a(romfs_dev.o)
                0x0000000000010190                romfsMountFromStorage
 *fill*         0x00000000000101fc        0x4 
 .text.romfsMountFromCurrentProcess
                0x0000000000010200       0x38 C:/devkitPro/libnx/lib\libnx.a(romfs_dev.o)
                0x0000000000010200                romfsMountFromCurrentProcess
 *fill*         0x0000000000010238        0x8 
 .text.romfsMountSelf
                0x0000000000010240      0x188 C:/devkitPro/libnx/lib\libnx.a(romfs_dev.o)
                0x0000000000010240                romfsMountSelf
 *fill*         0x00000000000103c8        0x8 
 .text.romfsUnmount
                0x00000000000103d0       0xa8 C:/devkitPro/libnx/lib\libnx.a(romfs_dev.o)
                0x00000000000103d0                romfsUnmount
 .text.armDCacheFlush
                0x0000000000010478       0x4c C:/devkitPro/libnx/lib\libnx.a(cache.o)
                0x0000000000010478                armDCacheFlush
 .text.svcSetHeapSize
                0x00000000000104c4       0x14 C:/devkitPro/libnx/lib\libnx.a(svc.o)
                0x00000000000104c4                svcSetHeapSize
 .text.svcSetMemoryPermission
                0x00000000000104d8        0x8 C:/devkitPro/libnx/lib\libnx.a(svc.o)
                0x00000000000104d8                svcSetMemoryPermission
 .text.svcSetMemoryAttribute
                0x00000000000104e0        0x8 C:/devkitPro/libnx/lib\libnx.a(svc.o)
                0x00000000000104e0                svcSetMemoryAttribute
 .text.svcUnmapMemory
                0x00000000000104e8        0x8 C:/devkitPro/libnx/lib\libnx.a(svc.o)
                0x00000000000104e8                svcUnmapMemory
 .text.svcQueryMemory
                0x00000000000104f0       0x14 C:/devkitPro/libnx/lib\libnx.a(svc.o)
                0x00000000000104f0                svcQueryMemory
 .text.svcExitProcess
                0x0000000000010504        0x8 C:/devkitPro/libnx/lib\libnx.a(svc.o)
                0x0000000000010504                svcExitProcess
 .text.svcSleepThread
                0x000000000001050c        0x8 C:/devkitPro/libnx/lib\libnx.a(svc.o)
                0x000000000001050c                svcSleepThread
 .text.svcMapSharedMemory
                0x0000000000010514        0x8 C:/devkitPro/libnx/lib\libnx.a(svc.o)
                0x0000000000010514                svcMapSharedMemory
 .text.svcUnmapSharedMemory
                0x000000000001051c        0x8 C:/devkitPro/libnx/lib\libnx.a(svc.o)
                0x000000000001051c                svcUnmapSharedMemory
 .text.svcCreateTransferMemory
                0x0000000000010524       0x14 C:/devkitPro/libnx/lib\libnx.a(svc.o)
                0x0000000000010524                svcCreateTransferMemory
 .text.svcCloseHandle
                0x0000000000010538        0x8 C:/devkitPro/libnx/lib\libnx.a(svc.o)
                0x0000000000010538                svcCloseHandle
 .text.svcResetSignal
                0x0000000000010540        0x8 C:/devkitPro/libnx/lib\libnx.a(svc.o)
                0x0000000000010540                svcResetSignal
 .text.svcWaitSynchronization
                0x0000000000010548       0x14 C:/devkitPro/libnx/lib\libnx.a(svc.o)
                0x0000000000010548                svcWaitSynchronization
 .text.svcArbitrateLock
                0x000000000001055c        0x8 C:/devkitPro/libnx/lib\libnx.a(svc.o)
                0x000000000001055c                svcArbitrateLock
 .text.svcArbitrateUnlock
                0x0000000000010564        0x8 C:/devkitPro/libnx/lib\libnx.a(svc.o)
                0x0000000000010564                svcArbitrateUnlock
 .text.svcWaitProcessWideKeyAtomic
                0x000000000001056c        0x8 C:/devkitPro/libnx/lib\libnx.a(svc.o)
                0x000000000001056c                svcWaitProcessWideKeyAtomic
 .text.svcSignalProcessWideKey
                0x0000000000010574        0x8 C:/devkitPro/libnx/lib\libnx.a(svc.o)
                0x0000000000010574                svcSignalProcessWideKey
 .text.svcConnectToNamedPort
                0x000000000001057c       0x14 C:/devkitPro/libnx/lib\libnx.a(svc.o)
                0x000000000001057c                svcConnectToNamedPort
 .text.svcSendSyncRequest
                0x0000000000010590        0x8 C:/devkitPro/libnx/lib\libnx.a(svc.o)
                0x0000000000010590                svcSendSyncRequest
 .text.svcBreak
                0x0000000000010598        0x8 C:/devkitPro/libnx/lib\libnx.a(svc.o)
                0x0000000000010598                svcBreak
 .text.svcReturnFromException
                0x00000000000105a0        0x8 C:/devkitPro/libnx/lib\libnx.a(svc.o)
                0x00000000000105a0                svcReturnFromException
 .text.svcGetInfo
                0x00000000000105a8       0x14 C:/devkitPro/libnx/lib\libnx.a(svc.o)
                0x00000000000105a8                svcGetInfo
 .text.svcUnmapTransferMemory
                0x00000000000105bc        0x8 C:/devkitPro/libnx/lib\libnx.a(svc.o)
                0x00000000000105bc                svcUnmapTransferMemory
 .text.__aarch64_read_tp
                0x00000000000105c4        0xc C:/devkitPro/libnx/lib\libnx.a(readtp.o)
                0x00000000000105c4                __aarch64_read_tp
 .text.eventLoadRemote
                0x00000000000105d0        0xc C:/devkitPro/libnx/lib\libnx.a(event.o)
                0x00000000000105d0                eventLoadRemote
 *fill*         0x00000000000105dc        0x4 
 .text.eventWait
                0x00000000000105e0       0x34 C:/devkitPro/libnx/lib\libnx.a(event.o)
                0x00000000000105e0                eventWait
 *fill*         0x0000000000010614        0xc 
 .text.eventClose
                0x0000000000010620       0x54 C:/devkitPro/libnx/lib\libnx.a(event.o)
                0x0000000000010620                eventClose
 *fill*         0x0000000000010674        0xc 
 .text.tmemCreate
                0x0000000000010680       0xa8 C:/devkitPro/libnx/lib\libnx.a(tmem.o)
                0x0000000000010680                tmemCreate
 *fill*         0x0000000000010728        0x8 
 .text.tmemUnmap
                0x0000000000010730       0x34 C:/devkitPro/libnx/lib\libnx.a(tmem.o)
                0x0000000000010730                tmemUnmap
 *fill*         0x0000000000010764        0xc 
 .text.tmemCloseHandle
                0x0000000000010770       0x30 C:/devkitPro/libnx/lib\libnx.a(tmem.o)
                0x0000000000010770                tmemCloseHandle
 .text.tmemWaitForPermission
                0x00000000000107a0       0x9c C:/devkitPro/libnx/lib\libnx.a(tmem.o)
                0x00000000000107a0                tmemWaitForPermission
 *fill*         0x000000000001083c        0x4 
 .text.tmemClose
                0x0000000000010840       0x50 C:/devkitPro/libnx/lib\libnx.a(tmem.o)
                0x0000000000010840                tmemClose
 .text._memregionInitWithInfo
                0x0000000000010890       0x64 C:/devkitPro/libnx/lib\libnx.a(virtmem.o)
 *fill*         0x00000000000108f4        0xc 
 .text.__libnx_virtmem_rng
                0x0000000000010900        0x4 C:/devkitPro/libnx/lib\libnx.a(virtmem.o)
                0x0000000000010900                __libnx_virtmem_rng
 *fill*         0x0000000000010904        0xc 
 .text._memregionFindRandom
                0x0000000000010910      0x164 C:/devkitPro/libnx/lib\libnx.a(virtmem.o)
 *fill*         0x0000000000010a74        0xc 
 .text.virtmemSetup
                0x0000000000010a80      0x140 C:/devkitPro/libnx/lib\libnx.a(virtmem.o)
                0x0000000000010a80                virtmemSetup
 .text.virtmemLock
                0x0000000000010bc0        0xc C:/devkitPro/libnx/lib\libnx.a(virtmem.o)
                0x0000000000010bc0                virtmemLock
 *fill*         0x0000000000010bcc        0x4 
 .text.virtmemUnlock
                0x0000000000010bd0        0xc C:/devkitPro/libnx/lib\libnx.a(virtmem.o)
                0x0000000000010bd0                virtmemUnlock
 *fill*         0x0000000000010bdc        0x4 
 .text.virtmemFindAslr
                0x0000000000010be0       0x50 C:/devkitPro/libnx/lib\libnx.a(virtmem.o)
                0x0000000000010be0                virtmemFindAslr
 .text.waitObjects
                0x0000000000010c30      0x57c C:/devkitPro/libnx/lib\libnx.a(wait.o)
                0x0000000000010c30                waitObjects
 *fill*         0x00000000000111ac        0x4 
 .text._apmCleanup
                0x00000000000111b0       0xd4 C:/devkitPro/libnx/lib\libnx.a(apm.o)
 *fill*         0x0000000000011284        0xc 
 .text.apmInitialize
                0x0000000000011290      0x194 C:/devkitPro/libnx/lib\libnx.a(apm.o)
                0x0000000000011290                apmInitialize
 *fill*         0x0000000000011424        0xc 
 .text.apmExit  0x0000000000011430       0x48 C:/devkitPro/libnx/lib\libnx.a(apm.o)
                0x0000000000011430                apmExit
 *fill*         0x0000000000011478        0x8 
 .text.apmSetPerformanceConfiguration
                0x0000000000011480       0xc8 C:/devkitPro/libnx/lib\libnx.a(apm.o)
                0x0000000000011480                apmSetPerformanceConfiguration
 *fill*         0x0000000000011548        0x8 
 .text._fsCleanup
                0x0000000000011550       0xb4 C:/devkitPro/libnx/lib\libnx.a(fs.o)
 *fill*         0x0000000000011604        0xc 
 .text._fsCmdNoIO
                0x0000000000011610      0x1c0 C:/devkitPro/libnx/lib\libnx.a(fs.o)
 .text._fsFsCmdWithInPath
                0x00000000000117d0      0x1e0 C:/devkitPro/libnx/lib\libnx.a(fs.o)
 .text._fsFsCmdWithTwoInPaths
                0x00000000000119b0      0x1f8 C:/devkitPro/libnx/lib\libnx.a(fs.o)
 *fill*         0x0000000000011ba8        0x8 
 .text._fsFsOpenCommon
                0x0000000000011bb0      0x28c C:/devkitPro/libnx/lib\libnx.a(fs.o)
 *fill*         0x0000000000011e3c        0x4 
 .text._fsFsCmdWithInPathAndOutU64
                0x0000000000011e40      0x1fc C:/devkitPro/libnx/lib\libnx.a(fs.o)
 *fill*         0x000000000001203c        0x4 
 .text._fsObjectClose
                0x0000000000012040       0xf8 C:/devkitPro/libnx/lib\libnx.a(fs.o)
 *fill*         0x0000000000012138        0x8 
 .text._fsCmdGetSession.constprop.0
                0x0000000000012140      0x17c C:/devkitPro/libnx/lib\libnx.a(fs.o)
 *fill*         0x00000000000122bc        0x4 
 .text.fsInitialize
                0x00000000000122c0      0x2f8 C:/devkitPro/libnx/lib\libnx.a(fs.o)
                0x00000000000122c0                fsInitialize
 *fill*         0x00000000000125b8        0x8 
 .text.fsExit   0x00000000000125c0       0x48 C:/devkitPro/libnx/lib\libnx.a(fs.o)
                0x00000000000125c0                fsExit
 *fill*         0x0000000000012608        0x8 
 .text.fsOpenSdCardFileSystem
                0x0000000000012610        0x8 C:/devkitPro/libnx/lib\libnx.a(fs.o)
                0x0000000000012610                fsOpenSdCardFileSystem
 *fill*         0x0000000000012618        0x8 
 .text.fsOpenDataStorageByCurrentProcess
                0x0000000000012620        0x8 C:/devkitPro/libnx/lib\libnx.a(fs.o)
                0x0000000000012620                fsOpenDataStorageByCurrentProcess
 *fill*         0x0000000000012628        0x8 
 .text.fsFsCreateFile
                0x0000000000012630      0x1ec C:/devkitPro/libnx/lib\libnx.a(fs.o)
                0x0000000000012630                fsFsCreateFile
 *fill*         0x000000000001281c        0x4 
 .text.fsFsDeleteFile
                0x0000000000012820        0x8 C:/devkitPro/libnx/lib\libnx.a(fs.o)
                0x0000000000012820                fsFsDeleteFile
 *fill*         0x0000000000012828        0x8 
 .text.fsFsCreateDirectory
                0x0000000000012830        0x8 C:/devkitPro/libnx/lib\libnx.a(fs.o)
                0x0000000000012830                fsFsCreateDirectory
 *fill*         0x0000000000012838        0x8 
 .text.fsFsDeleteDirectory
                0x0000000000012840        0x8 C:/devkitPro/libnx/lib\libnx.a(fs.o)
                0x0000000000012840                fsFsDeleteDirectory
 *fill*         0x0000000000012848        0x8 
 .text.fsFsRenameFile
                0x0000000000012850        0x8 C:/devkitPro/libnx/lib\libnx.a(fs.o)
                0x0000000000012850                fsFsRenameFile
 *fill*         0x0000000000012858        0x8 
 .text.fsFsRenameDirectory
                0x0000000000012860        0x8 C:/devkitPro/libnx/lib\libnx.a(fs.o)
                0x0000000000012860                fsFsRenameDirectory
 *fill*         0x0000000000012868        0x8 
 .text.fsFsGetEntryType
                0x0000000000012870      0x1f0 C:/devkitPro/libnx/lib\libnx.a(fs.o)
                0x0000000000012870                fsFsGetEntryType
 .text.fsFsOpenFile
                0x0000000000012a60        0x8 C:/devkitPro/libnx/lib\libnx.a(fs.o)
                0x0000000000012a60                fsFsOpenFile
 *fill*         0x0000000000012a68        0x8 
 .text.fsFsOpenDirectory
                0x0000000000012a70        0x8 C:/devkitPro/libnx/lib\libnx.a(fs.o)
                0x0000000000012a70                fsFsOpenDirectory
 *fill*         0x0000000000012a78        0x8 
 .text.fsFsGetFreeSpace
                0x0000000000012a80        0x8 C:/devkitPro/libnx/lib\libnx.a(fs.o)
                0x0000000000012a80                fsFsGetFreeSpace
 *fill*         0x0000000000012a88        0x8 
 .text.fsFsGetTotalSpace
                0x0000000000012a90        0x8 C:/devkitPro/libnx/lib\libnx.a(fs.o)
                0x0000000000012a90                fsFsGetTotalSpace
 *fill*         0x0000000000012a98        0x8 
 .text.fsFsGetFileTimeStampRaw
                0x0000000000012aa0      0x230 C:/devkitPro/libnx/lib\libnx.a(fs.o)
                0x0000000000012aa0                fsFsGetFileTimeStampRaw
 .text.fsFsClose
                0x0000000000012cd0        0x4 C:/devkitPro/libnx/lib\libnx.a(fs.o)
                0x0000000000012cd0                fsFsClose
 *fill*         0x0000000000012cd4        0xc 
 .text.fsFileRead
                0x0000000000012ce0      0x214 C:/devkitPro/libnx/lib\libnx.a(fs.o)
                0x0000000000012ce0                fsFileRead
 *fill*         0x0000000000012ef4        0xc 
 .text.fsFileWrite
                0x0000000000012f00      0x1f8 C:/devkitPro/libnx/lib\libnx.a(fs.o)
                0x0000000000012f00                fsFileWrite
 *fill*         0x00000000000130f8        0x8 
 .text.fsFileFlush
                0x0000000000013100        0x8 C:/devkitPro/libnx/lib\libnx.a(fs.o)
                0x0000000000013100                fsFileFlush
 *fill*         0x0000000000013108        0x8 
 .text.fsFileSetSize
                0x0000000000013110      0x1c0 C:/devkitPro/libnx/lib\libnx.a(fs.o)
                0x0000000000013110                fsFileSetSize
 .text.fsFileGetSize
                0x00000000000132d0      0x1d4 C:/devkitPro/libnx/lib\libnx.a(fs.o)
                0x00000000000132d0                fsFileGetSize
 *fill*         0x00000000000134a4        0xc 
 .text.fsFileClose
                0x00000000000134b0        0x4 C:/devkitPro/libnx/lib\libnx.a(fs.o)
                0x00000000000134b0                fsFileClose
 *fill*         0x00000000000134b4        0xc 
 .text.fsDirClose
                0x00000000000134c0        0x4 C:/devkitPro/libnx/lib\libnx.a(fs.o)
                0x00000000000134c0                fsDirClose
 *fill*         0x00000000000134c4        0xc 
 .text.fsDirRead
                0x00000000000134d0      0x204 C:/devkitPro/libnx/lib\libnx.a(fs.o)
                0x00000000000134d0                fsDirRead
 *fill*         0x00000000000136d4        0xc 
 .text.fsStorageRead
                0x00000000000136e0      0x1e8 C:/devkitPro/libnx/lib\libnx.a(fs.o)
                0x00000000000136e0                fsStorageRead
 *fill*         0x00000000000138c8        0x8 
 .text.fsStorageClose
                0x00000000000138d0        0x4 C:/devkitPro/libnx/lib\libnx.a(fs.o)
                0x00000000000138d0                fsStorageClose
 *fill*         0x00000000000138d4        0xc 
 .text._hidCleanup
                0x00000000000138e0      0x12c C:/devkitPro/libnx/lib\libnx.a(hid.o)
 *fill*         0x0000000000013a0c        0x4 
 .text._hidCmdInAruidNoOut
                0x0000000000013a10       0xd4 C:/devkitPro/libnx/lib\libnx.a(hid.o)
 *fill*         0x0000000000013ae4        0xc 
 .text._hidCmdInU32AruidNoOut
                0x0000000000013af0       0xe0 C:/devkitPro/libnx/lib\libnx.a(hid.o)
 .text._hidGetStates
                0x0000000000013bd0      0x194 C:/devkitPro/libnx/lib\libnx.a(hid.o)
 *fill*         0x0000000000013d64        0xc 
 .text.hidInitialize
                0x0000000000013d70      0x26c C:/devkitPro/libnx/lib\libnx.a(hid.o)
                0x0000000000013d70                hidInitialize
 *fill*         0x0000000000013fdc        0x4 
 .text.hidExit  0x0000000000013fe0       0x48 C:/devkitPro/libnx/lib\libnx.a(hid.o)
                0x0000000000013fe0                hidExit
 *fill*         0x0000000000014028        0x8 
 .text.hidGetSharedmemAddr
                0x0000000000014030        0xc C:/devkitPro/libnx/lib\libnx.a(hid.o)
                0x0000000000014030                hidGetSharedmemAddr
 *fill*         0x000000000001403c        0x4 
 .text.hidGetNpadStyleSet
                0x0000000000014040       0x90 C:/devkitPro/libnx/lib\libnx.a(hid.o)
                0x0000000000014040                hidGetNpadStyleSet
 .text.hidInitializeNpad
                0x00000000000140d0       0x84 C:/devkitPro/libnx/lib\libnx.a(hid.o)
                0x00000000000140d0                hidInitializeNpad
 *fill*         0x0000000000014154        0xc 
 .text.hidGetNpadStatesFullKey
                0x0000000000014160       0xa4 C:/devkitPro/libnx/lib\libnx.a(hid.o)
                0x0000000000014160                hidGetNpadStatesFullKey
 *fill*         0x0000000000014204        0xc 
 .text.hidGetNpadStatesHandheld
                0x0000000000014210       0xa4 C:/devkitPro/libnx/lib\libnx.a(hid.o)
                0x0000000000014210                hidGetNpadStatesHandheld
 *fill*         0x00000000000142b4        0xc 
 .text.hidGetNpadStatesJoyDual
                0x00000000000142c0       0xa4 C:/devkitPro/libnx/lib\libnx.a(hid.o)
                0x00000000000142c0                hidGetNpadStatesJoyDual
 *fill*         0x0000000000014364        0xc 
 .text.hidGetNpadStatesJoyLeft
                0x0000000000014370       0xa4 C:/devkitPro/libnx/lib\libnx.a(hid.o)
                0x0000000000014370                hidGetNpadStatesJoyLeft
 *fill*         0x0000000000014414        0xc 
 .text.hidGetNpadStatesJoyRight
                0x0000000000014420       0xa4 C:/devkitPro/libnx/lib\libnx.a(hid.o)
                0x0000000000014420                hidGetNpadStatesJoyRight
 *fill*         0x00000000000144c4        0xc 
 .text.hidGetNpadStatesGc
                0x00000000000144d0      0x144 C:/devkitPro/libnx/lib\libnx.a(hid.o)
                0x00000000000144d0                hidGetNpadStatesGc
 *fill*         0x0000000000014614        0xc 
 .text.hidGetNpadStatesSystemExt
                0x0000000000014620       0xa8 C:/devkitPro/libnx/lib\libnx.a(hid.o)
                0x0000000000014620                hidGetNpadStatesSystemExt
 *fill*         0x00000000000146c8        0x8 
 .text.hidSetSupportedNpadStyleSet
                0x00000000000146d0        0x8 C:/devkitPro/libnx/lib\libnx.a(hid.o)
                0x00000000000146d0                hidSetSupportedNpadStyleSet
 *fill*         0x00000000000146d8        0x8 
 .text.hidSetSupportedNpadIdType
                0x00000000000146e0      0x100 C:/devkitPro/libnx/lib\libnx.a(hid.o)
                0x00000000000146e0                hidSetSupportedNpadIdType
 .text._viCleanup
                0x00000000000147e0      0x230 C:/devkitPro/libnx/lib\libnx.a(vi.o)
 .text._viCmdGetSessionNoParams.constprop.0
                0x0000000000014a10      0x100 C:/devkitPro/libnx/lib\libnx.a(vi.o)
 .text.viInitialize
                0x0000000000014b10      0x368 C:/devkitPro/libnx/lib\libnx.a(vi.o)
                0x0000000000014b10                viInitialize
 *fill*         0x0000000000014e78        0x8 
 .text.viExit   0x0000000000014e80       0x48 C:/devkitPro/libnx/lib\libnx.a(vi.o)
                0x0000000000014e80                viExit
 *fill*         0x0000000000014ec8        0x8 
 .text.viGetSession_IHOSBinderDriverRelay
                0x0000000000014ed0        0xc C:/devkitPro/libnx/lib\libnx.a(vi.o)
                0x0000000000014ed0                viGetSession_IHOSBinderDriverRelay
 *fill*         0x0000000000014edc        0x4 
 .text.viOpenDisplay
                0x0000000000014ee0      0x10c C:/devkitPro/libnx/lib\libnx.a(vi.o)
                0x0000000000014ee0                viOpenDisplay
 *fill*         0x0000000000014fec        0x4 
 .text.viCloseDisplay
                0x0000000000014ff0       0xec C:/devkitPro/libnx/lib\libnx.a(vi.o)
                0x0000000000014ff0                viCloseDisplay
 *fill*         0x00000000000150dc        0x4 
 .text.viCloseLayer
                0x00000000000150e0       0xf4 C:/devkitPro/libnx/lib\libnx.a(vi.o)
                0x00000000000150e0                viCloseLayer
 *fill*         0x00000000000151d4        0xc 
 .text.viCreateLayer
                0x00000000000151e0      0x394 C:/devkitPro/libnx/lib\libnx.a(vi.o)
                0x00000000000151e0                viCreateLayer
 *fill*         0x0000000000015574        0xc 
 .text.viSetLayerScalingMode
                0x0000000000015580       0xd8 C:/devkitPro/libnx/lib\libnx.a(vi.o)
                0x0000000000015580                viSetLayerScalingMode
 *fill*         0x0000000000015658        0x8 
 .text.nvChannelClose
                0x0000000000015660       0x4c C:/devkitPro/libnx/lib\libnx.a(channel.o)
                0x0000000000015660                nvChannelClose
 *fill*         0x00000000000156ac        0x4 
 .text.nvChannelCreate
                0x00000000000156b0       0x70 C:/devkitPro/libnx/lib\libnx.a(channel.o)
                0x00000000000156b0                nvChannelCreate
 .text.nvChannelSetPriority
                0x0000000000015720        0x8 C:/devkitPro/libnx/lib\libnx.a(channel.o)
                0x0000000000015720                nvChannelSetPriority
 *fill*         0x0000000000015728        0x8 
 .text.binderCreate
                0x0000000000015730       0x1c C:/devkitPro/libnx/lib\libnx.a(binder.o)
                0x0000000000015730                binderCreate
 *fill*         0x000000000001574c        0x4 
 .text.binderTransactParcel
                0x0000000000015750      0x35c C:/devkitPro/libnx/lib\libnx.a(binder.o)
                0x0000000000015750                binderTransactParcel
 *fill*         0x0000000000015aac        0x4 
 .text.binderConvertErrorCode
                0x0000000000015ab0       0xe8 C:/devkitPro/libnx/lib\libnx.a(binder.o)
                0x0000000000015ab0                binderConvertErrorCode
 *fill*         0x0000000000015b98        0x8 
 .text.binderAdjustRefcount
                0x0000000000015ba0      0x124 C:/devkitPro/libnx/lib\libnx.a(binder.o)
                0x0000000000015ba0                binderAdjustRefcount
 *fill*         0x0000000000015cc4        0xc 
 .text.binderInitSession
                0x0000000000015cd0       0x9c C:/devkitPro/libnx/lib\libnx.a(binder.o)
                0x0000000000015cd0                binderInitSession
 *fill*         0x0000000000015d6c        0x4 
 .text.binderClose
                0x0000000000015d70       0x5c C:/devkitPro/libnx/lib\libnx.a(binder.o)
                0x0000000000015d70                binderClose
 *fill*         0x0000000000015dcc        0x4 
 .text.binderGetNativeHandle
                0x0000000000015dd0      0x154 C:/devkitPro/libnx/lib\libnx.a(binder.o)
                0x0000000000015dd0                binderGetNativeHandle
 *fill*         0x0000000000015f24        0xc 
 .text.bqRequestBuffer
                0x0000000000015f30       0xc8 C:/devkitPro/libnx/lib\libnx.a(buffer_producer.o)
                0x0000000000015f30                bqRequestBuffer
 *fill*         0x0000000000015ff8        0x8 
 .text.bqDequeueBuffer
                0x0000000000016000      0x128 C:/devkitPro/libnx/lib\libnx.a(buffer_producer.o)
                0x0000000000016000                bqDequeueBuffer
 *fill*         0x0000000000016128        0x8 
 .text.bqQueueBuffer
                0x0000000000016130       0xc8 C:/devkitPro/libnx/lib\libnx.a(buffer_producer.o)
                0x0000000000016130                bqQueueBuffer
 *fill*         0x00000000000161f8        0x8 
 .text.bqCancelBuffer
                0x0000000000016200       0x84 C:/devkitPro/libnx/lib\libnx.a(buffer_producer.o)
                0x0000000000016200                bqCancelBuffer
 *fill*         0x0000000000016284        0xc 
 .text.bqConnect
                0x0000000000016290       0xd0 C:/devkitPro/libnx/lib\libnx.a(buffer_producer.o)
                0x0000000000016290                bqConnect
 .text.bqDisconnect
                0x0000000000016360       0x88 C:/devkitPro/libnx/lib\libnx.a(buffer_producer.o)
                0x0000000000016360                bqDisconnect
 *fill*         0x00000000000163e8        0x8 
 .text.bqSetPreallocatedBuffer
                0x00000000000163f0      0x194 C:/devkitPro/libnx/lib\libnx.a(buffer_producer.o)
                0x00000000000163f0                bqSetPreallocatedBuffer
 *fill*         0x0000000000016584        0xc 
 .text.parcelCreate
                0x0000000000016590       0x30 C:/devkitPro/libnx/lib\libnx.a(parcel.o)
                0x0000000000016590                parcelCreate
 .text.parcelTransact
                0x00000000000165c0      0x174 C:/devkitPro/libnx/lib\libnx.a(parcel.o)
                0x00000000000165c0                parcelTransact
 *fill*         0x0000000000016734        0xc 
 .text.parcelWriteData
                0x0000000000016740       0x80 C:/devkitPro/libnx/lib\libnx.a(parcel.o)
                0x0000000000016740                parcelWriteData
 .text.parcelReadData
                0x00000000000167c0       0x88 C:/devkitPro/libnx/lib\libnx.a(parcel.o)
                0x00000000000167c0                parcelReadData
 *fill*         0x0000000000016848        0x8 
 .text.parcelWriteInt32
                0x0000000000016850       0x20 C:/devkitPro/libnx/lib\libnx.a(parcel.o)
                0x0000000000016850                parcelWriteInt32
 .text.parcelWriteUInt32
                0x0000000000016870       0x20 C:/devkitPro/libnx/lib\libnx.a(parcel.o)
                0x0000000000016870                parcelWriteUInt32
 .text.parcelWriteString16
                0x0000000000016890       0x7c C:/devkitPro/libnx/lib\libnx.a(parcel.o)
                0x0000000000016890                parcelWriteString16
 *fill*         0x000000000001690c        0x4 
 .text.parcelWriteInterfaceToken
                0x0000000000016910       0x30 C:/devkitPro/libnx/lib\libnx.a(parcel.o)
                0x0000000000016910                parcelWriteInterfaceToken
 .text.parcelReadInt32
                0x0000000000016940       0x24 C:/devkitPro/libnx/lib\libnx.a(parcel.o)
                0x0000000000016940                parcelReadInt32
 *fill*         0x0000000000016964        0xc 
 .text.parcelReadFlattenedObject
                0x0000000000016970       0x68 C:/devkitPro/libnx/lib\libnx.a(parcel.o)
                0x0000000000016970                parcelReadFlattenedObject
 *fill*         0x00000000000169d8        0x8 
 .text.parcelWriteFlattenedObject
                0x00000000000169e0       0x44 C:/devkitPro/libnx/lib\libnx.a(parcel.o)
                0x00000000000169e0                parcelWriteFlattenedObject
 *fill*         0x0000000000016a24        0xc 
 .text.__libnx_alloc
                0x0000000000016a30        0x4 C:/devkitPro/libnx/lib\libnx.a(alloc.o)
                0x0000000000016a30                __libnx_alloc
 *fill*         0x0000000000016a34        0xc 
 .text.__libnx_aligned_alloc
                0x0000000000016a40       0x14 C:/devkitPro/libnx/lib\libnx.a(alloc.o)
                0x0000000000016a40                __libnx_aligned_alloc
 *fill*         0x0000000000016a54        0xc 
 .text.__libnx_free
                0x0000000000016a60        0x4 C:/devkitPro/libnx/lib\libnx.a(alloc.o)
                0x0000000000016a60                __libnx_free
 *fill*         0x0000000000016a64        0xc 
 .text.argvSetup
                0x0000000000016a70      0x314 C:/devkitPro/libnx/lib\libnx.a(argv.o)
                0x0000000000016a70                argvSetup
 *fill*         0x0000000000016d84        0xc 
 .text.__nx_dynamic
                0x0000000000016d90      0x1fc C:/devkitPro/libnx/lib\libnx.a(dynamic.o)
                0x0000000000016d90                __nx_dynamic
 *fill*         0x0000000000016f8c        0x4 
 .text.__libnx_initheap
                0x0000000000016f90       0xd0 C:/devkitPro/libnx/lib\libnx.a(init.o)
                0x0000000000016f90                __libnx_initheap
 .text.__appInit